<html>
<body>
<pre>
<h1>�Vision Build Log</h1>
<h2>Tool Versions:</h2>
IDE-Version: ��Vision V5.24.2.0
Copyright (C) 2017 ARM Ltd and ARM Germany GmbH. All rights reserved.
License Information: A A, A, LIC=JL28G-VUNH0-9UG4U-SQ6L4-0QQ60-9C0NS
 
Tool Versions:
Toolchain:       MDK-ARM Plus  Version: 5.24.1
Toolchain Path:  D:\Tool_Keil_v5\ARM\ARMCC\Bin
C Compiler:      Armcc.exe V5.06 update 5 (build 528)
Assembler:       Armasm.exe V5.06 update 5 (build 528)
Linker/Locator:  ArmLink.exe V5.06 update 5 (build 528)
Library Manager: ArmAr.exe V5.06 update 5 (build 528)
Hex Converter:   FromElf.exe V5.06 update 5 (build 528)
CPU DLL:         SARMCM3.DLL V5.24.1
Dialog DLL:      DCM.DLL V1.16.0.0
Target DLL:      STLink\ST-LINKIII-KEIL_SWO.dll V3.0.1.0
Dialog DLL:      TCM.DLL V1.32.0.0
 
<h2>Project:</h2>
D:\0_Project\FreeRTOS\11_smarthome_dht11_isr_ok\MDK-ARM\F103_Moduel.uvprojx
Project File Date:  07/02/2025

<h2>Output:</h2>
*** Using Compiler 'V5.06 update 5 (build 528)', folder: 'D:\Tool_Keil_v5\ARM\ARMCC\Bin'
Rebuild target 'F103_Moduel'
assembling startup_stm32f103xe.s...
compiling stm32f1xx_hal_timebase_tim.c...
compiling stm32f1xx_hal.c...
compiling stm32f1xx_it.c...
compiling stm32f1xx_hal_gpio_ex.c...
compiling stm32f1xx_hal_cortex.c...
compiling usart.c...
compiling stm32f1xx_hal_msp.c...
compiling stm32f1xx_hal_rcc_ex.c...
compiling stm32f1xx_hal_gpio.c...
compiling gpio.c...
compiling main.c...
../Core/Src/main.c(73): warning:  #223-D: function "vTaskDelay" declared implicitly
  		vTaskDelay(pdMS_TO_TICKS(50));
../Core/Src/main.c(128): warning:  #9-D: nested comment is not allowed
    /* USER CODE END 2 */
../Core/Src/main.c(134): warning:  #223-D: function "xTaskCreate" declared implicitly
    xTaskCreate(SmartHomeTask, "smarthome", 200, NULL, osPriorityNormal, NULL);
../Core/Src/main.c: 3 warnings, 0 errors
compiling freertos.c...
compiling stm32f1xx_hal_dma.c...
compiling stm32f1xx_hal_rcc.c...
compiling stm32f1xx_hal_pwr.c...
compiling stm32f1xx_hal_flash.c...
compiling system_stm32f1xx.c...
compiling stm32f1xx_hal_flash_ex.c...
compiling driver_usart.c...
compiling ring_buffer.c...
compiling driver_fan.c...
compiling driver_key.c...
compiling stm32f1xx_hal_exti.c...
compiling driver_i2c.c...
compiling croutine.c...
compiling stm32f1xx_hal_uart.c...
compiling driver_led.c...
compiling stm32f1xx_hal_tim_ex.c...
compiling list.c...
compiling event_groups.c...
compiling queue.c...
compiling stream_buffer.c...
compiling heap_4.c...
compiling timers.c...
compiling kal_fan_device.c...
compiling kal_gpio_key.c...
compiling kal_led_device.c...
compiling kal_oled_device.c...
compiling kal_time.c...
compiling tasks.c...
compiling kal_uart_dev.c...
compiling port.c...
compiling cmsis_os2.c...
compiling kal_dht11.c...
compiling cal_fan_device.c...
compiling cal_led_device.c...
compiling cal_uart_dev.c...
compiling stm32f1xx_hal_tim.c...
compiling driver_oled.c...
compiling input_buffer.c...
compiling input_test.c...
compiling input_system.c...
compiling fan_test.c...
compiling display_test.c...
compiling led_test.c...
compiling net_input.c...
compiling net_test.c...
compiling text_test.c...
compiling fan_device.c...
compiling led_device.c...
compiling display_device.c...
compiling display_system.c...
compiling oled_device.c...
compiling driver_dht11.c...
..\ModuleDrivers\driver_dht11.c(226): warning:  #223-D: function "vTaskDelay" declared implicitly
  	vTaskDelay(1);
..\ModuleDrivers\driver_dht11.c(249): warning:  #223-D: function "vTaskDelay" declared implicitly
  		vTaskDelay(pdMS_TO_TICKS(2));
..\ModuleDrivers\driver_dht11.c(137): warning:  #177-D: function "DHT11_RecvByte"  was declared but never referenced
  static int DHT11_RecvByte(void)
..\ModuleDrivers\driver_dht11.c: 3 warnings, 0 errors
compiling ascii_font.c...
compiling font_manager.c...
compiling font_system.c...
compiling show_text.c...
compiling encoding.c...
compiling esp8266.c...
compiling net_device.c...
compiling net_system.c...
compiling message.c...
compiling cal_gpio_key.c...
compiling cal_oled_device.c...
compiling cal_time.c...
compiling cal_dht11.c...
compiling gpio_key.c...
compiling uart_dev.c...
compiling dht11_device.c...
compiling at_command.c...
compiling smarthome.c...
..\ModuleDrivers\ring_buffer.h(6): warning:  #47-D: incompatible redefinition of macro "BUFFER_SIZE"  (declared at line 6 of "../smartdevice/input/input_buffer.h")
  #define BUFFER_SIZE 128        /* 环形缓冲区的大小 */
..\smartdevice\smarthome\smarthome.c(409): warning:  #223-D: function "vTaskDelay" declared implicitly
  	    vTaskDelay(5000);
..\smartdevice\smarthome\smarthome.c(437): warning:  #223-D: function "vTaskSuspendAll" declared implicitly
  	vTaskSuspendAll();
..\smartdevice\smarthome\smarthome.c(443): warning:  #223-D: function "xTaskResumeAll" declared implicitly
  	xTaskResumeAll();
..\smartdevice\smarthome\smarthome.c: 4 warnings, 0 errors
linking...
Program Size: Code=29564 RO-data=4188 RW-data=516 ZI-data=14340  
FromELF: creating hex file...
"F103_Moduel\F103_Moduel.axf" - 0 Error(s), 10 Warning(s).

<h2>Software Packages used:</h2>

Package Vendor: ARM
                http://www.keil.com/pack/ARM.CMSIS.5.0.1.pack
                ARM.CMSIS.5.0.1
                CMSIS (Cortex Microcontroller Software Interface Standard)
   * Component: CORE Version: 5.0.1

Package Vendor: Keil
                http://www.keil.com/pack/Keil.STM32F1xx_DFP.2.3.0.pack
                Keil.STM32F1xx_DFP.2.3.0
                STMicroelectronics STM32F1 Series Device Support, Drivers and Examples

<h2>Collection of Component include folders:</h2>
  .\RTE\_F103_Moduel
  D:\Tool_Keil_v5\ARM\PACK\ARM\CMSIS\5.0.1\CMSIS\Include
  D:\Tool_Keil_v5\ARM\PACK\Keil\STM32F1xx_DFP\2.3.0\Device\Include

<h2>Collection of Component Files used:</h2>

   * Component: ARM::CMSIS:CORE:5.0.1
Build Time Elapsed:  00:00:07
</pre>
</body>
</html>
