Component: ARM Compiler 5.06 update 5 (build 528) Tool: armlink [4d35e2]

==============================================================================

Section Cross References

    startup_stm32f103xe.o(RESET) refers to startup_stm32f103xe.o(STACK) for __initial_sp
    startup_stm32f103xe.o(RESET) refers to startup_stm32f103xe.o(.text) for Reset_Handler
    startup_stm32f103xe.o(RESET) refers to stm32f1xx_it.o(i.NMI_Handler) for NMI_Handler
    startup_stm32f103xe.o(RESET) refers to stm32f1xx_it.o(i.HardFault_Handler) for HardFault_Handler
    startup_stm32f103xe.o(RESET) refers to stm32f1xx_it.o(i.MemManage_Handler) for MemManage_Handler
    startup_stm32f103xe.o(RESET) refers to stm32f1xx_it.o(i.BusFault_Handler) for BusFault_Handler
    startup_stm32f103xe.o(RESET) refers to stm32f1xx_it.o(i.UsageFault_Handler) for UsageFault_Handler
    startup_stm32f103xe.o(RESET) refers to port.o(.emb_text) for SVC_Handler
    startup_stm32f103xe.o(RESET) refers to stm32f1xx_it.o(i.DebugMon_Handler) for DebugMon_Handler
    startup_stm32f103xe.o(RESET) refers to port.o(i.SysTick_Handler) for SysTick_Handler
    startup_stm32f103xe.o(RESET) refers to driver_key.o(i.EXTI9_5_IRQHandler) for EXTI9_5_IRQHandler
    startup_stm32f103xe.o(RESET) refers to driver_usart.o(i.USART1_IRQHandler) for USART1_IRQHandler
    startup_stm32f103xe.o(RESET) refers to driver_usart.o(i.USART3_IRQHandler) for USART3_IRQHandler
    startup_stm32f103xe.o(RESET) refers to driver_key.o(i.EXTI15_10_IRQHandler) for EXTI15_10_IRQHandler
    startup_stm32f103xe.o(RESET) refers to stm32f1xx_it.o(i.TIM8_UP_IRQHandler) for TIM8_UP_IRQHandler
    startup_stm32f103xe.o(.text) refers to system_stm32f1xx.o(i.SystemInit) for SystemInit
    startup_stm32f103xe.o(.text) refers to entry.o(.ARM.Collect$$$$00000000) for __main
    main.o(i.HAL_TIM_PeriodElapsedCallback) refers to stm32f1xx_hal.o(i.HAL_IncTick) for HAL_IncTick
    main.o(i.HAL_TIM_PeriodElapsedCallback) refers to gpio_key.o(i.ProcessGPIOKeyTimer) for ProcessGPIOKeyTimer
    main.o(i.SystemClock_Config) refers to memseta.o(.text) for __aeabi_memclr4
    main.o(i.SystemClock_Config) refers to stm32f1xx_hal_rcc.o(i.HAL_RCC_OscConfig) for HAL_RCC_OscConfig
    main.o(i.SystemClock_Config) refers to main.o(i.Error_Handler) for Error_Handler
    main.o(i.SystemClock_Config) refers to stm32f1xx_hal_rcc.o(i.HAL_RCC_ClockConfig) for HAL_RCC_ClockConfig
    main.o(i.main) refers to stm32f1xx_hal.o(i.HAL_Init) for HAL_Init
    main.o(i.main) refers to main.o(i.SystemClock_Config) for SystemClock_Config
    main.o(i.main) refers to gpio.o(i.MX_GPIO_Init) for MX_GPIO_Init
    main.o(i.main) refers to usart.o(i.MX_USART1_UART_Init) for MX_USART1_UART_Init
    main.o(i.main) refers to usart.o(i.MX_USART3_UART_Init) for MX_USART3_UART_Init
    main.o(i.main) refers to ring_buffer.o(i.ring_buffer_init) for ring_buffer_init
    main.o(i.main) refers to driver_usart.o(i.EnableUART3IRQ) for EnableUART3IRQ
    main.o(i.main) refers to printf3.o(i.__0printf$3) for __2printf
    main.o(i.main) refers to cmsis_os2.o(i.osKernelInitialize) for osKernelInitialize
    main.o(i.main) refers to freertos.o(i.MX_FREERTOS_Init) for MX_FREERTOS_Init
    main.o(i.main) refers to tasks.o(i.xTaskCreate) for xTaskCreate
    main.o(i.main) refers to cmsis_os2.o(i.osKernelStart) for osKernelStart
    main.o(i.main) refers to main.o(.bss) for test_buffer
    main.o(i.main) refers to smarthome.o(i.SmartHomeTask) for SmartHomeTask
    main.o(i.main) refers to smarthome.o(i.DHT11_UpdateValue) for DHT11_UpdateValue
    main.o(i.other_task) refers to tasks.o(i.vTaskDelay) for vTaskDelay
    gpio.o(i.MX_GPIO_Init) refers to stm32f1xx_hal_gpio.o(i.HAL_GPIO_WritePin) for HAL_GPIO_WritePin
    gpio.o(i.MX_GPIO_Init) refers to stm32f1xx_hal_gpio.o(i.HAL_GPIO_Init) for HAL_GPIO_Init
    freertos.o(i.MX_FREERTOS_Init) refers to cmsis_os2.o(i.osThreadNew) for osThreadNew
    freertos.o(i.MX_FREERTOS_Init) refers to freertos.o(.constdata) for defaultTask_attributes
    freertos.o(i.MX_FREERTOS_Init) refers to freertos.o(i.StartDefaultTask) for StartDefaultTask
    freertos.o(i.MX_FREERTOS_Init) refers to freertos.o(.data) for defaultTaskHandle
    freertos.o(i.StartDefaultTask) refers to printf3.o(i.__0printf$3) for __2printf
    freertos.o(i.StartDefaultTask) refers to cmsis_os2.o(i.osDelay) for osDelay
    freertos.o(.constdata) refers to freertos.o(.conststring) for .conststring
    usart.o(i.HAL_UART_MspDeInit) refers to stm32f1xx_hal_gpio.o(i.HAL_GPIO_DeInit) for HAL_GPIO_DeInit
    usart.o(i.HAL_UART_MspDeInit) refers to stm32f1xx_hal_cortex.o(i.HAL_NVIC_DisableIRQ) for HAL_NVIC_DisableIRQ
    usart.o(i.HAL_UART_MspInit) refers to stm32f1xx_hal_gpio.o(i.HAL_GPIO_Init) for HAL_GPIO_Init
    usart.o(i.HAL_UART_MspInit) refers to stm32f1xx_hal_cortex.o(i.HAL_NVIC_SetPriority) for HAL_NVIC_SetPriority
    usart.o(i.HAL_UART_MspInit) refers to stm32f1xx_hal_cortex.o(i.HAL_NVIC_EnableIRQ) for HAL_NVIC_EnableIRQ
[...]
    _printf_longlong_oct                     0x00000000   Number         0  stubs.o ABSOLUTE
    _printf_ls                               0x00000000   Number         0  stubs.o ABSOLUTE
    _printf_mbtowc                           0x00000000   Number         0  stubs.o ABSOLUTE
    _printf_n                                0x00000000   Number         0  stubs.o ABSOLUTE
    _printf_o                                0x00000000   Number         0  stubs.o ABSOLUTE
    _printf_p                                0x00000000   Number         0  stubs.o ABSOLUTE
    _printf_percent                          0x00000000   Number         0  stubs.o ABSOLUTE
    _printf_pre_padding                      0x00000000   Number         0  stubs.o ABSOLUTE
    _printf_return_value                     0x00000000   Number         0  stubs.o ABSOLUTE
    _printf_s                                0x00000000   Number         0  stubs.o ABSOLUTE
    _printf_sizespec                         0x00000000   Number         0  stubs.o ABSOLUTE
    _printf_str                              0x00000000   Number         0  stubs.o ABSOLUTE
    _printf_truncate_signed                  0x00000000   Number         0  stubs.o ABSOLUTE
    _printf_truncate_unsigned                0x00000000   Number         0  stubs.o ABSOLUTE
    _printf_u                                0x00000000   Number         0  stubs.o ABSOLUTE
    _printf_wc                               0x00000000   Number         0  stubs.o ABSOLUTE
    _printf_wctomb                           0x00000000   Number         0  stubs.o ABSOLUTE
    _printf_widthprec                        0x00000000   Number         0  stubs.o ABSOLUTE
    _printf_x                                0x00000000   Number         0  stubs.o ABSOLUTE
    __cpp_initialize__aeabi_                  - Undefined Weak Reference
    __cxa_finalize                            - Undefined Weak Reference
    _clock_init                               - Undefined Weak Reference
    _microlib_exit                            - Undefined Weak Reference
    __Vectors_Size                           0x00000130   Number         0  startup_stm32f103xe.o ABSOLUTE
    __Vectors                                0x08000000   Data           4  startup_stm32f103xe.o(RESET)
    __Vectors_End                            0x08000130   Data           0  startup_stm32f103xe.o(RESET)
    __main                                   0x08000131   Thumb Code     0  entry.o(.ARM.Collect$$$$00000000)
    _main_stk                                0x08000131   Thumb Code     0  entry2.o(.ARM.Collect$$$$00000001)
    _main_scatterload                        0x08000135   Thumb Code     0  entry5.o(.ARM.Collect$$$$00000004)
    __main_after_scatterload                 0x08000139   Thumb Code     0  entry5.o(.ARM.Collect$$$$00000004)
    _main_clock                              0x08000139   Thumb Code     0  entry7b.o(.ARM.Collect$$$$00000008)
    _main_cpp_init                           0x08000139   Thumb Code     0  entry8b.o(.ARM.Collect$$$$0000000A)
    _main_init                               0x08000139   Thumb Code     0  entry9a.o(.ARM.Collect$$$$0000000B)
    __rt_final_cpp                           0x08000141   Thumb Code     0  entry10a.o(.ARM.Collect$$$$0000000D)
    __rt_final_exit                          0x08000141   Thumb Code     0  entry11a.o(.ARM.Collect$$$$0000000F)
    SVC_Handler                              0x08000145   Thumb Code    32  port.o(.emb_text)
    __asm___6_port_c_39a90d8d__prvStartFirstTask 0x08000169   Thumb Code    28  port.o(.emb_text)
    PendSV_Handler                           0x08000189   Thumb Code    72  port.o(.emb_text)
    vPortGetIPSR                             0x080001d5   Thumb Code     6  port.o(.emb_text)
    Reset_Handler                            0x080001dd   Thumb Code     8  startup_stm32f103xe.o(.text)
    ADC1_2_IRQHandler                        0x080001f7   Thumb Code     0  startup_stm32f103xe.o(.text)
    ADC3_IRQHandler                          0x080001f7   Thumb Code     0  startup_stm32f103xe.o(.text)
    CAN1_RX1_IRQHandler                      0x080001f7   Thumb Code     0  startup_stm32f103xe.o(.text)
    CAN1_SCE_IRQHandler                      0x080001f7   Thumb Code     0  startup_stm32f103xe.o(.text)
    DMA1_Channel1_IRQHandler                 0x080001f7   Thumb Code     0  startup_stm32f103xe.o(.text)
    DMA1_Channel2_IRQHandler                 0x080001f7   Thumb Code     0  startup_stm32f103xe.o(.text)
    DMA1_Channel3_IRQHandler                 0x080001f7   Thumb Code     0  startup_stm32f103xe.o(.text)
    DMA1_Channel4_IRQHandler                 0x080001f7   Thumb Code     0  startup_stm32f103xe.o(.text)
    DMA1_Channel5_IRQHandler                 0x080001f7   Thumb Code     0  startup_stm32f103xe.o(.text)
    DMA1_Channel6_IRQHandler                 0x080001f7   Thumb Code     0  startup_stm32f103xe.o(.text)
    DMA1_Channel7_IRQHandler                 0x080001f7   Thumb Code     0  startup_stm32f103xe.o(.text)
    DMA2_Channel1_IRQHandler                 0x080001f7   Thumb Code     0  startup_stm32f103xe.o(.text)
    DMA2_Channel2_IRQHandler                 0x080001f7   Thumb Code     0  startup_stm32f103xe.o(.text)
    DMA2_Channel3_IRQHandler                 0x080001f7   Thumb Code     0  startup_stm32f103xe.o(.text)
    DMA2_Channel4_5_IRQHandler               0x080001f7   Thumb Code     0  startup_stm32f103xe.o(.text)
    EXTI0_IRQHandler                         0x080001f7   Thumb Code     0  startup_stm32f103xe.o(.text)
    EXTI1_IRQHandler                         0x080001f7   Thumb Code     0  startup_stm32f103xe.o(.text)
    EXTI2_IRQHandler                         0x080001f7   Thumb Code     0  startup_stm32f103xe.o(.text)
    EXTI3_IRQHandler                         0x080001f7   Thumb Code     0  startup_stm32f103xe.o(.text)
    EXTI4_IRQHandler                         0x080001f7   Thumb Code     0  startup_stm32f103xe.o(.text)
    FLASH_IRQHandler                         0x080001f7   Thumb Code     0  startup_stm32f103xe.o(.text)
    FSMC_IRQHandler                          0x080001f7   Thumb Code     0  startup_stm32f103xe.o(.text)
    I2C1_ER_IRQHandler                       0x080001f7   Thumb Code     0  startup_stm32f103xe.o(.text)
    I2C1_EV_IRQHandler                       0x080001f7   Thumb Code     0  startup_stm32f103xe.o(.text)
    I2C2_ER_IRQHandler                       0x080001f7   Thumb Code     0  startup_stm32f103xe.o(.text)
    I2C2_EV_IRQHandler                       0x080001f7   Thumb Code     0  startup_stm32f103xe.o(.text)
    PVD_IRQHandler                           0x080001f7   Thumb Code     0  startup_stm32f103xe.o(.text)
    RCC_IRQHandler                           0x080001f7   Thumb Code     0  startup_stm32f103xe.o(.text)
    RTC_Alarm_IRQHandler                     0x080001f7   Thumb Code     0  startup_stm32f103xe.o(.text)
    RTC_IRQHandler                           0x080001f7   Thumb Code     0  startup_stm32f103xe.o(.text)
    SDIO_IRQHandler                          0x080001f7   Thumb Code     0  startup_stm32f103xe.o(.text)
    SPI1_IRQHandler                          0x080001f7   Thumb Code     0  startup_stm32f103xe.o(.text)
    SPI2_IRQHandler                          0x080001f7   Thumb Code     0  startup_stm32f103xe.o(.text)
    SPI3_IRQHandler                          0x080001f7   Thumb Code     0  startup_stm32f103xe.o(.text)
    TAMPER_IRQHandler                        0x080001f7   Thumb Code     0  startup_stm32f103xe.o(.text)
    TIM1_BRK_IRQHandler                      0x080001f7   Thumb Code     0  startup_stm32f103xe.o(.text)
    TIM1_CC_IRQHandler                       0x080001f7   Thumb Code     0  startup_stm32f103xe.o(.text)
    TIM1_TRG_COM_IRQHandler                  0x080001f7   Thumb Code     0  startup_stm32f103xe.o(.text)
    TIM1_UP_IRQHandler                       0x080001f7   Thumb Code     0  startup_stm32f103xe.o(.text)
    TIM2_IRQHandler                          0x080001f7   Thumb Code     0  startup_stm32f103xe.o(.text)
    TIM3_IRQHandler                          0x080001f7   Thumb Code     0  startup_stm32f103xe.o(.text)
    TIM4_IRQHandler                          0x080001f7   Thumb Code     0  startup_stm32f103xe.o(.text)
    TIM5_IRQHandler                          0x080001f7   Thumb Code     0  startup_stm32f103xe.o(.text)
    TIM6_IRQHandler                          0x080001f7   Thumb Code     0  startup_stm32f103xe.o(.text)
    TIM7_IRQHandler                          0x080001f7   Thumb Code     0  startup_stm32f103xe.o(.text)
    TIM8_BRK_IRQHandler                      0x080001f7   Thumb Code     0  startup_stm32f103xe.o(.text)
    TIM8_CC_IRQHandler                       0x080001f7   Thumb Code     0  startup_stm32f103xe.o(.text)
    TIM8_TRG_COM_IRQHandler                  0x080001f7   Thumb Code     0  startup_stm32f103xe.o(.text)
    UART4_IRQHandler                         0x080001f7   Thumb Code     0  startup_stm32f103xe.o(.text)
    UART5_IRQHandler                         0x080001f7   Thumb Code     0  startup_stm32f103xe.o(.text)
    USART2_IRQHandler                        0x080001f7   Thumb Code     0  startup_stm32f103xe.o(.text)
    USBWakeUp_IRQHandler                     0x080001f7   Thumb Code     0  startup_stm32f103xe.o(.text)
    USB_HP_CAN1_TX_IRQHandler                0x080001f7   Thumb Code     0  startup_stm32f103xe.o(.text)
    USB_LP_CAN1_RX0_IRQHandler               0x080001f7   Thumb Code     0  startup_stm32f103xe.o(.text)
    WWDG_IRQHandler                          0x080001f7   Thumb Code     0  startup_stm32f103xe.o(.text)
    __aeabi_memcpy                           0x08000201   Thumb Code    36  memcpya.o(.text)
    __aeabi_memcpy4                          0x08000201   Thumb Code     0  memcpya.o(.text)
    __aeabi_memcpy8                          0x08000201   Thumb Code     0  memcpya.o(.text)
    __aeabi_memset                           0x08000225   Thumb Code    14  memseta.o(.text)
    __aeabi_memset4                          0x08000225   Thumb Code     0  memseta.o(.text)
    __aeabi_memset8                          0x08000225   Thumb Code     0  memseta.o(.text)
    __aeabi_memclr                           0x08000233   Thumb Code     4  memseta.o(.text)
    __aeabi_memclr4                          0x08000233   Thumb Code     0  memseta.o(.text)
    __aeabi_memclr8                          0x08000233   Thumb Code     0  memseta.o(.text)
    memset                                   0x08000237   Thumb Code    18  memseta.o(.text)
    strstr                                   0x08000249   Thumb Code    36  strstr.o(.text)
    strncpy                                  0x0800026d   Thumb Code    24  strncpy.o(.text)
    strlen                                   0x08000285   Thumb Code    14  strlen.o(.text)
    strcmp                                   0x08000293   Thumb Code    28  strcmp.o(.text)
    strcpy                                   0x080002af   Thumb Code    18  strcpy.o(.text)
    strncmp                                  0x080002c1   Thumb Code    30  strncmp.o(.text)
    __aeabi_uidiv                            0x080002df   Thumb Code     0  uidiv.o(.text)
    __aeabi_uidivmod                         0x080002df   Thumb Code    44  uidiv.o(.text)
    __scatterload                            0x0800030d   Thumb Code    28  init.o(.text)
    __scatterload_rt2                        0x0800030d   Thumb Code     0  init.o(.text)
    __decompress                             0x08000331   Thumb Code     0  __dczerorl2.o(.text)
    __decompress1                            0x08000331   Thumb Code    86  __dczerorl2.o(.text)
    ATCommandSend                            0x080003ed   Thumb Code   206  at_command.o(i.ATCommandSend)
    ATCommandSendAndRecv                     0x08000501   Thumb Code   172  at_command.o(i.ATCommandSendAndRecv)
    ATDataRecv                               0x080005b5   Thumb Code   206  at_command.o(i.ATDataRecv)
    ATInterfaceInit                          0x08000691   Thumb Code    26  at_command.o(i.ATInterfaceInit)
    AddDisplayDeviceOLED                     0x080006b1   Thumb Code    10  oled_device.o(i.AddDisplayDeviceOLED)
    AddDisplayDevices                        0x080006c1   Thumb Code     8  display_system.o(i.AddDisplayDevices)
    AddFontLibASCII                          0x080006c9   Thumb Code    10  ascii_font.o(i.AddFontLibASCII)
    AddFontLibs                              0x080006d9   Thumb Code     8  font_system.o(i.AddFontLibs)
    AddInputDeviceGPIOKey                    0x080006e1   Thumb Code    10  gpio_key.o(i.AddInputDeviceGPIOKey)
    AddInputDeviceNet                        0x080006f1   Thumb Code    10  net_input.o(i.AddInputDeviceNet)
    AddInputDevices                          0x08000701   Thumb Code    12  input_system.o(i.AddInputDevices)
    AddNetDeviceESP8266                      0x0800070d   Thumb Code    10  esp8266.o(i.AddNetDeviceESP8266)
    AddNetDevices                            0x0800071d   Thumb Code     8  net_system.o(i.AddNetDevices)
    BusFault_Handler                         0x08000725   Thumb Code     4  stm32f1xx_it.o(i.BusFault_Handler)
    CAL_DHT11DeviceInit                      0x08000729   Thumb Code    12  cal_dht11.o(i.CAL_DHT11DeviceInit)
    CAL_DHT11Device_GetValue                 0x08000735   Thumb Code    16  cal_dht11.o(i.CAL_DHT11Device_GetValue)
    CAL_Delay                                0x08000745   Thumb Code    12  cal_time.o(i.CAL_Delay)
    CAL_FanSetSpeed                          0x08000751   Thumb Code    16  cal_fan_device.o(i.CAL_FanSetSpeed)
    CAL_GPIOKkeyInit                         0x08000761   Thumb Code     8  cal_gpio_key.o(i.CAL_GPIOKkeyInit)
    CAL_GetTick                              0x08000769   Thumb Code     8  cal_time.o(i.CAL_GetTick)
    CAL_GetTime                              0x08000771   Thumb Code     8  cal_time.o(i.CAL_GetTime)
    CAL_LEDDeviceControl                     0x08000779   Thumb Code    16  cal_led_device.o(i.CAL_LEDDeviceControl)
    CAL_LEDDeviceInit                        0x08000789   Thumb Code     6  cal_led_device.o(i.CAL_LEDDeviceInit)
    CAL_OLEDDeviceFlush                      0x0800078f   Thumb Code    12  cal_oled_device.o(i.CAL_OLEDDeviceFlush)
    CAL_OLEDDeviceInit                       0x0800079b   Thumb Code    16  cal_oled_device.o(i.CAL_OLEDDeviceInit)
    CAL_UART3Write                           0x080007ab   Thumb Code    18  cal_uart_dev.o(i.CAL_UART3Write)
    ConvertInputEventToJson                  0x080007bd   Thumb Code    88  message.o(i.ConvertInputEventToJson)
    DHT11_GPIO_Init_As_IRQ                   0x0800086d   Thumb Code    52  driver_key.o(i.DHT11_GPIO_Init_As_IRQ)
    DHT11_IRQ_Disable                        0x080008dd   Thumb Code    10  driver_key.o(i.DHT11_IRQ_Disable)
    DHT11_IRQ_Enable                         0x080008e9   Thumb Code    16  driver_key.o(i.DHT11_IRQ_Enable)
    DHT11_Init                               0x080008fd   Thumb Code    66  driver_dht11.o(i.DHT11_Init)
    DHT11_Notify_Task                        0x08000965   Thumb Code    38  driver_dht11.o(i.DHT11_Notify_Task)
    DHT11_Read                               0x08000a41   Thumb Code    92  driver_dht11.o(i.DHT11_Read)
    DHT11_ReadTimer_us                       0x08000b31   Thumb Code     8  driver_dht11.o(i.DHT11_ReadTimer_us)
    DHT11_UpdateValue                        0x08000c21   Thumb Code    68  smarthome.o(i.DHT11_UpdateValue)
    DebugMon_Handler                         0x08000cb5   Thumb Code     2  stm32f1xx_it.o(i.DebugMon_Handler)
    DisplayDeviceRegister                    0x08000cb9   Thumb Code    12  display_device.o(i.DisplayDeviceRegister)
    DisplayNetInfoAndCreateTransfer          0x08000cc9   Thumb Code   158  smarthome.o(i.DisplayNetInfoAndCreateTransfer)
    EXTI15_10_IRQHandler                     0x08001143   Thumb Code    20  driver_key.o(i.EXTI15_10_IRQHandler)
    EXTI9_5_IRQHandler                       0x08001157   Thumb Code    10  driver_key.o(i.EXTI9_5_IRQHandler)
    EnableUART3IRQ                           0x08001161   Thumb Code    36  driver_usart.o(i.EnableUART3IRQ)
    Error_Handler                            0x08001189   Thumb Code     6  main.o(i.Error_Handler)
    FontLibRegister                          0x080011a5   Thumb Code    12  font_manager.o(i.FontLibRegister)
    GetATInterfaceDevice                     0x080011c1   Thumb Code     4  uart_dev.o(i.GetATInterfaceDevice)
    GetCodeForStr                            0x080011c9   Thumb Code    10  encoding.o(i.GetCodeForStr)
    GetDHT11Device                           0x080011d5   Thumb Code    14  dht11_device.o(i.GetDHT11Device)
    GetDisplayDevice                         0x080011e9   Thumb Code    12  display_system.o(i.GetDisplayDevice)
    GetFANDevice                             0x080011f5   Thumb Code     4  fan_device.o(i.GetFANDevice)
    GetFontBitMap                            0x080011fd   Thumb Code    20  font_system.o(i.GetFontBitMap)
    GetFontLib                               0x08001215   Thumb Code    12  font_system.o(i.GetFontLib)
    GetInputEvent                            0x08001221   Thumb Code    22  input_buffer.o(i.GetInputEvent)
    GetLEDDevice                             0x0800123d   Thumb Code    26  led_device.o(i.GetLEDDevice)
    GetNetDevice                             0x0800125d   Thumb Code    12  net_system.o(i.GetNetDevice)
    GetUART3RingBuffer                       0x08001299   Thumb Code     4  uart_dev.o(i.GetUART3RingBuffer)
    Get_DHT11_Edge_Times                     0x080012a1   Thumb Code     4  driver_key.o(i.Get_DHT11_Edge_Times)
    HAL_DMA_Abort                            0x080012a9   Thumb Code    86  stm32f1xx_hal_dma.o(i.HAL_DMA_Abort)
    HAL_DMA_Abort_IT                         0x08001301   Thumb Code   414  stm32f1xx_hal_dma.o(i.HAL_DMA_Abort_IT)
    HAL_Delay                                0x080014a9   Thumb Code    36  stm32f1xx_hal.o(i.HAL_Delay)
    HAL_FanSetSpeed                          0x080014d1   Thumb Code    92  driver_fan.o(i.HAL_FanSetSpeed)
    HAL_GPIO_DeInit                          0x08001535   Thumb Code   306  stm32f1xx_hal_gpio.o(i.HAL_GPIO_DeInit)
    HAL_GPIO_EXTI_Callback                   0x08001689   Thumb Code   104  driver_key.o(i.HAL_GPIO_EXTI_Callback)
    HAL_GPIO_EXTI_IRQHandler                 0x080016f9   Thumb Code    24  stm32f1xx_hal_gpio.o(i.HAL_GPIO_EXTI_IRQHandler)
    HAL_GPIO_Init                            0x08001715   Thumb Code   792  stm32f1xx_hal_gpio.o(i.HAL_GPIO_Init)
    HAL_GPIO_ReadPin                         0x08001a55   Thumb Code    16  stm32f1xx_hal_gpio.o(i.HAL_GPIO_ReadPin)
    HAL_GPIO_WritePin                        0x08001a65   Thumb Code    12  stm32f1xx_hal_gpio.o(i.HAL_GPIO_WritePin)
    HAL_GetTick                              0x08001a71   Thumb Code     6  stm32f1xx_hal.o(i.HAL_GetTick)
    HAL_IncTick                              0x08001a7d   Thumb Code    16  stm32f1xx_hal.o(i.HAL_IncTick)
    HAL_Init                                 0x08001a95   Thumb Code    34  stm32f1xx_hal.o(i.HAL_Init)
    HAL_InitTick                             0x08001abd   Thumb Code   118  stm32f1xx_hal_timebase_tim.o(i.HAL_InitTick)
    HAL_LEDDeviceControl                     0x08001b45   Thumb Code   108  driver_led.o(i.HAL_LEDDeviceControl)
    HAL_MspInit                              0x08001bb5   Thumb Code    86  stm32f1xx_hal_msp.o(i.HAL_MspInit)
    HAL_NVIC_DisableIRQ                      0x08001c15   Thumb Code    62  stm32f1xx_hal_cortex.o(i.HAL_NVIC_DisableIRQ)
    HAL_NVIC_EnableIRQ                       0x08001c59   Thumb Code    32  stm32f1xx_hal_cortex.o(i.HAL_NVIC_EnableIRQ)
    HAL_NVIC_SetPriority                     0x08001c79   Thumb Code   124  stm32f1xx_hal_cortex.o(i.HAL_NVIC_SetPriority)
    HAL_NVIC_SetPriorityGrouping             0x08001cf5   Thumb Code    32  stm32f1xx_hal_cortex.o(i.HAL_NVIC_SetPriorityGrouping)
    HAL_RCC_ClockConfig                      0x08001d1d   Thumb Code   368  stm32f1xx_hal_rcc.o(i.HAL_RCC_ClockConfig)
    HAL_RCC_GetClockConfig                   0x08001e9d   Thumb Code    58  stm32f1xx_hal_rcc.o(i.HAL_RCC_GetClockConfig)
    HAL_RCC_GetHCLKFreq                      0x08001ee1   Thumb Code     6  stm32f1xx_hal_rcc.o(i.HAL_RCC_GetHCLKFreq)
    HAL_RCC_GetPCLK1Freq                     0x08001eed   Thumb Code    22  stm32f1xx_hal_rcc.o(i.HAL_RCC_GetPCLK1Freq)
    HAL_RCC_GetPCLK2Freq                     0x08001f0d   Thumb Code    22  stm32f1xx_hal_rcc.o(i.HAL_RCC_GetPCLK2Freq)
    HAL_RCC_GetSysClockFreq                  0x08001f2d   Thumb Code   116  stm32f1xx_hal_rcc.o(i.HAL_RCC_GetSysClockFreq)
    HAL_RCC_OscConfig                        0x08001fc1   Thumb Code  1114  stm32f1xx_hal_rcc.o(i.HAL_RCC_OscConfig)
    HAL_TIMEx_BreakCallback                  0x08002425   Thumb Code     2  stm32f1xx_hal_tim_ex.o(i.HAL_TIMEx_BreakCallback)
    HAL_TIMEx_CommutCallback                 0x08002427   Thumb Code     2  stm32f1xx_hal_tim_ex.o(i.HAL_TIMEx_CommutCallback)
    HAL_TIMEx_MasterConfigSynchronization    0x08002429   Thumb Code   134  stm32f1xx_hal_tim_ex.o(i.HAL_TIMEx_MasterConfigSynchronization)
    HAL_TIM_Base_Init                        0x080024c5   Thumb Code   102  stm32f1xx_hal_tim.o(i.HAL_TIM_Base_Init)
    HAL_TIM_Base_MspInit                     0x0800252b   Thumb Code     2  stm32f1xx_hal_tim.o(i.HAL_TIM_Base_MspInit)
    HAL_TIM_Base_Start                       0x0800252d   Thumb Code   110  stm32f1xx_hal_tim.o(i.HAL_TIM_Base_Start)
    HAL_TIM_Base_Start_IT                    0x080025b1   Thumb Code   122  stm32f1xx_hal_tim.o(i.HAL_TIM_Base_Start_IT)
    HAL_TIM_Base_Stop                        0x08002641   Thumb Code    50  stm32f1xx_hal_tim.o(i.HAL_TIM_Base_Stop)
    HAL_TIM_ConfigClockSource                0x08002673   Thumb Code   264  stm32f1xx_hal_tim.o(i.HAL_TIM_ConfigClockSource)
    HAL_TIM_IC_CaptureCallback               0x0800277b   Thumb Code     2  stm32f1xx_hal_tim.o(i.HAL_TIM_IC_CaptureCallback)
    HAL_TIM_IRQHandler                       0x0800277d   Thumb Code   406  stm32f1xx_hal_tim.o(i.HAL_TIM_IRQHandler)
    HAL_TIM_OC_DelayElapsedCallback          0x08002913   Thumb Code     2  stm32f1xx_hal_tim.o(i.HAL_TIM_OC_DelayElapsedCallback)
    HAL_TIM_PWM_PulseFinishedCallback        0x08002915   Thumb Code     2  stm32f1xx_hal_tim.o(i.HAL_TIM_PWM_PulseFinishedCallback)
    HAL_TIM_PeriodElapsedCallback            0x08002919   Thumb Code    30  main.o(i.HAL_TIM_PeriodElapsedCallback)
    HAL_TIM_TriggerCallback                  0x0800293d   Thumb Code     2  stm32f1xx_hal_tim.o(i.HAL_TIM_TriggerCallback)
    HAL_UARTEx_RxEventCallback               0x0800293f   Thumb Code     2  stm32f1xx_hal_uart.o(i.HAL_UARTEx_RxEventCallback)
    HAL_UART_ErrorCallback                   0x08002941   Thumb Code     2  stm32f1xx_hal_uart.o(i.HAL_UART_ErrorCallback)
    HAL_UART_IRQHandler                      0x08002945   Thumb Code   582  stm32f1xx_hal_uart.o(i.HAL_UART_IRQHandler)
    HAL_UART_Init                            0x08002b91   Thumb Code   114  stm32f1xx_hal_uart.o(i.HAL_UART_Init)
    HAL_UART_MspInit                         0x08002c05   Thumb Code   266  usart.o(i.HAL_UART_MspInit)
    HAL_UART_RxCpltCallback                  0x08002d29   Thumb Code    16  driver_usart.o(i.HAL_UART_RxCpltCallback)
    HAL_UART_Transmit                        0x08002d41   Thumb Code   210  stm32f1xx_hal_uart.o(i.HAL_UART_Transmit)
    HAL_UART_TxCpltCallback                  0x08002e15   Thumb Code    16  driver_usart.o(i.HAL_UART_TxCpltCallback)
    HardFault_Handler                        0x08002e2d   Thumb Code     4  stm32f1xx_it.o(i.HardFault_Handler)
    I2C_Delay                                0x08002e31   Thumb Code    18  driver_i2c.o(i.I2C_Delay)
    I2C_GPIO_ReInit                          0x08002e45   Thumb Code   100  driver_i2c.o(i.I2C_GPIO_ReInit)
    I2C_GetAck                               0x08002eb1   Thumb Code   104  driver_i2c.o(i.I2C_GetAck)
    I2C_Start                                0x08002f1d   Thumb Code    48  driver_i2c.o(i.I2C_Start)
    I2C_Stop                                 0x08002f51   Thumb Code    48  driver_i2c.o(i.I2C_Stop)
    I2C_WriteByte                            0x08002f85   Thumb Code    92  driver_i2c.o(i.I2C_WriteByte)
    InitDefaultFontLib                       0x08002fe5   Thumb Code    28  font_system.o(i.InitDefaultFontLib)
    InitInputDevices                         0x08003005   Thumb Code    20  input_system.o(i.InitInputDevices)
    InitInputQueue                           0x0800301d   Thumb Code    38  input_buffer.o(i.InitInputQueue)
    InputDeviceRegister                      0x08003061   Thumb Code    12  input_system.o(i.InputDeviceRegister)
    KAL_DHT11DeviceInit                      0x08003071   Thumb Code    12  kal_dht11.o(i.KAL_DHT11DeviceInit)
    KAL_DHT11Device_GetValue                 0x0800307d   Thumb Code    12  kal_dht11.o(i.KAL_DHT11Device_GetValue)
    KAL_Delay                                0x08003089   Thumb Code    12  kal_time.o(i.KAL_Delay)
    KAL_FanSetSpeed                          0x08003095   Thumb Code    16  kal_fan_device.o(i.KAL_FanSetSpeed)
    KAL_GPIOKkeyInit                         0x080030a5   Thumb Code     8  kal_gpio_key.o(i.KAL_GPIOKkeyInit)
    KAL_GetTick                              0x080030ad   Thumb Code     8  kal_time.o(i.KAL_GetTick)
    KAL_GetTime                              0x080030b5   Thumb Code     8  kal_time.o(i.KAL_GetTime)
    KAL_LEDDeviceControl                     0x080030bd   Thumb Code    16  kal_led_device.o(i.KAL_LEDDeviceControl)
    KAL_LEDDeviceInit                        0x080030cd   Thumb Code    12  kal_led_device.o(i.KAL_LEDDeviceInit)
    KAL_OLEDDeviceFlush                      0x080030d9   Thumb Code    12  kal_oled_device.o(i.KAL_OLEDDeviceFlush)
    KAL_OLEDDeviceInit                       0x080030e5   Thumb Code    12  kal_oled_device.o(i.KAL_OLEDDeviceInit)
    KAL_UART3Write                           0x080030f1   Thumb Code    16  kal_uart_dev.o(i.KAL_UART3Write)
    KEY_GPIO_ReInit                          0x08003101   Thumb Code   122  driver_key.o(i.KEY_GPIO_ReInit)
    MX_FREERTOS_Init                         0x08003301   Thumb Code    18  freertos.o(i.MX_FREERTOS_Init)
    MX_GPIO_Init                             0x08003321   Thumb Code   272  gpio.o(i.MX_GPIO_Init)
    MX_USART1_UART_Init                      0x08003441   Thumb Code    46  usart.o(i.MX_USART1_UART_Init)
    MX_USART3_UART_Init                      0x08003479   Thumb Code    46  usart.o(i.MX_USART3_UART_Init)
    MemManage_Handler                        0x080034b1   Thumb Code     4  stm32f1xx_it.o(i.MemManage_Handler)
    NMI_Handler                              0x080034b5   Thumb Code     4  stm32f1xx_it.o(i.NMI_Handler)
    NetDeviceRegister                        0x080034b9   Thumb Code    12  net_device.o(i.NetDeviceRegister)
    OLED_Copy                                0x08003551   Thumb Code    38  driver_oled.o(i.OLED_Copy)
    OLED_Init                                0x08003577   Thumb Code    94  driver_oled.o(i.OLED_Init)
    OLED_SetChargePump                       0x080035d5   Thumb Code    34  driver_oled.o(i.OLED_SetChargePump)
    OLED_SetColAddr_PAGE                     0x080035f9   Thumb Code    42  driver_oled.o(i.OLED_SetColAddr_PAGE)
    OLED_SetComConfig                        0x08003629   Thumb Code    48  driver_oled.o(i.OLED_SetComConfig)
    OLED_SetContrastValue                    0x08003659   Thumb Code    18  driver_oled.o(i.OLED_SetContrastValue)
    OLED_SetDCLK_Freq                        0x0800366b   Thumb Code    36  driver_oled.o(i.OLED_SetDCLK_Freq)
    OLED_SetDispOffset                       0x0800368f   Thumb Code    26  driver_oled.o(i.OLED_SetDispOffset)
    OLED_SetDispStartLine                    0x080036a9   Thumb Code    24  driver_oled.o(i.OLED_SetDispStartLine)
    OLED_SetMemAddrMode                      0x080036c1   Thumb Code    36  driver_oled.o(i.OLED_SetMemAddrMode)
    OLED_SetMuxRatio                         0x080036e9   Thumb Code    30  driver_oled.o(i.OLED_SetMuxRatio)
    OLED_SetPageAddr_PAGE                    0x08003709   Thumb Code    34  driver_oled.o(i.OLED_SetPageAddr_PAGE)
    OLED_SetPosition                         0x08003731   Thumb Code    20  driver_oled.o(i.OLED_SetPosition)
    OLED_WriteCmd                            0x08003745   Thumb Code    32  driver_oled.o(i.OLED_WriteCmd)
    OLED_WriteNBytes                         0x08003765   Thumb Code    54  driver_oled.o(i.OLED_WriteNBytes)
    ProcessGPIOKeyTimer                      0x0800379d   Thumb Code   118  gpio_key.o(i.ProcessGPIOKeyTimer)
    PutInputEvent                            0x0800381d   Thumb Code    22  input_buffer.o(i.PutInputEvent)
    SetDefaultFontLib                        0x08003861   Thumb Code    30  font_system.o(i.SetDefaultFontLib)
    SetGPIOKeyTimer                          0x08003885   Thumb Code     8  gpio_key.o(i.SetGPIOKeyTimer)
    SetNetInputProcessCallback               0x08003891   Thumb Code     6  driver_usart.o(i.SetNetInputProcessCallback)
    ShowTextInDisplayDevice                  0x0800389d   Thumb Code    86  show_text.o(i.ShowTextInDisplayDevice)
    SmartHomeTask                            0x08003a2d   Thumb Code    58  smarthome.o(i.SmartHomeTask)
    StartDefaultTask                         0x08003a69   Thumb Code    16  freertos.o(i.StartDefaultTask)
    SysTick_Handler                          0x08003b6d   Thumb Code    46  port.o(i.SysTick_Handler)
    SystemClock_Config                       0x08003ba1   Thumb Code   102  main.o(i.SystemClock_Config)
    SystemInit                               0x08003c07   Thumb Code     2  system_stm32f1xx.o(i.SystemInit)
    TIM8_UP_IRQHandler                       0x08003c09   Thumb Code    10  stm32f1xx_it.o(i.TIM8_UP_IRQHandler)
    TIM_Base_SetConfig                       0x08003c19   Thumb Code   134  stm32f1xx_hal_tim.o(i.TIM_Base_SetConfig)
    TIM_ETR_SetConfig                        0x08003cb5   Thumb Code    22  stm32f1xx_hal_tim.o(i.TIM_ETR_SetConfig)
    USART1_IRQHandler                        0x08004091   Thumb Code    38  driver_usart.o(i.USART1_IRQHandler)
    USART3_IRQHandler                        0x080040c5   Thumb Code    68  driver_usart.o(i.USART3_IRQHandler)
    USART3_SendBytes                         0x08004119   Thumb Code    38  driver_usart.o(i.USART3_SendBytes)
    UsageFault_Handler                       0x08004145   Thumb Code     4  stm32f1xx_it.o(i.UsageFault_Handler)
    WifiConnect                              0x08004149   Thumb Code    52  smarthome.o(i.WifiConnect)
    __0printf$3                              0x080041c5   Thumb Code    22  printf3.o(i.__0printf$3)
    __1printf$3                              0x080041c5   Thumb Code     0  printf3.o(i.__0printf$3)
    __2printf                                0x080041c5   Thumb Code     0  printf3.o(i.__0printf$3)
    __0sprintf$3                             0x080041e5   Thumb Code    34  printf3.o(i.__0sprintf$3)
    __1sprintf$3                             0x080041e5   Thumb Code     0  printf3.o(i.__0sprintf$3)
    __2sprintf                               0x080041e5   Thumb Code     0  printf3.o(i.__0sprintf$3)
    __GetDisplayDevice                       0x0800420d   Thumb Code    34  display_device.o(i.__GetDisplayDevice)
    __GetFontLib                             0x08004235   Thumb Code    34  font_manager.o(i.__GetFontLib)
    __GetNetDevice                           0x0800425d   Thumb Code    34  net_device.o(i.__GetNetDevice)
    __scatterload_copy                       0x080042cf   Thumb Code    14  handlers.o(i.__scatterload_copy)
    __scatterload_null                       0x080042dd   Thumb Code     2  handlers.o(i.__scatterload_null)
    __scatterload_zeroinit                   0x080042df   Thumb Code    14  handlers.o(i.__scatterload_zeroinit)
    fputc                                    0x080044b1   Thumb Code    22  driver_usart.o(i.fputc)
    main                                     0x08004515   Thumb Code    94  main.o(i.main)
    osDelay                                  0x080045a5   Thumb Code    50  cmsis_os2.o(i.osDelay)
    osKernelInitialize                       0x080045dd   Thumb Code    58  cmsis_os2.o(i.osKernelInitialize)
    osKernelStart                            0x0800461d   Thumb Code    64  cmsis_os2.o(i.osKernelStart)
    osThreadNew                              0x08004661   Thumb Code   216  cmsis_os2.o(i.osThreadNew)
    pvPortMalloc                             0x080052f9   Thumb Code   334  heap_4.o(i.pvPortMalloc)
    pvTaskIncrementMutexHeldCount            0x08005471   Thumb Code    26  tasks.o(i.pvTaskIncrementMutexHeldCount)
    pxPortInitialiseStack                    0x08005491   Thumb Code    30  port.o(i.pxPortInitialiseStack)
    ring_buffer_init                         0x080054b5   Thumb Code    12  ring_buffer.o(i.ring_buffer_init)
    ring_buffer_read                         0x080054c1   Thumb Code    46  ring_buffer.o(i.ring_buffer_read)
    ring_buffer_write                        0x080054ef   Thumb Code    30  ring_buffer.o(i.ring_buffer_write)
    uxListRemove                             0x0800550d   Thumb Code    40  list.o(i.uxListRemove)
    vApplicationGetIdleTaskMemory            0x08005535   Thumb Code    14  cmsis_os2.o(i.vApplicationGetIdleTaskMemory)
    vApplicationGetTimerTaskMemory           0x0800554d   Thumb Code    16  cmsis_os2.o(i.vApplicationGetTimerTaskMemory)
    vListInitialise                          0x08005565   Thumb Code    26  list.o(i.vListInitialise)
    vListInitialiseItem                      0x0800557f   Thumb Code     6  list.o(i.vListInitialiseItem)
    vListInsert                              0x08005585   Thumb Code    52  list.o(i.vListInsert)
    vListInsertEnd                           0x080055b9   Thumb Code    24  list.o(i.vListInsertEnd)
    vPortEnterCritical                       0x080055d1   Thumb Code    92  port.o(i.vPortEnterCritical)
    vPortExitCritical                        0x08005649   Thumb Code    72  port.o(i.vPortExitCritical)
    vPortFree                                0x080056a9   Thumb Code   168  heap_4.o(i.vPortFree)
    vPortSetupTimerInterrupt                 0x0800576d   Thumb Code    36  port.o(i.vPortSetupTimerInterrupt)
    vPortValidateInterruptPriority           0x08005795   Thumb Code   134  port.o(i.vPortValidateInterruptPriority)
    vQueueAddToRegistry                      0x0800583d   Thumb Code    38  queue.o(i.vQueueAddToRegistry)
    vQueueWaitForMessageRestricted           0x08005869   Thumb Code    74  queue.o(i.vQueueWaitForMessageRestricted)
    vTaskDelay                               0x080058b5   Thumb Code    98  tasks.o(i.vTaskDelay)
    vTaskInternalSetTimeOutState             0x08005965   Thumb Code    14  tasks.o(i.vTaskInternalSetTimeOutState)
    vTaskMissedYield                         0x0800597d   Thumb Code     8  tasks.o(i.vTaskMissedYield)
    vTaskPlaceOnEventList                    0x08005989   Thumb Code    66  tasks.o(i.vTaskPlaceOnEventList)
    vTaskPlaceOnEventListRestricted          0x08005a15   Thumb Code    74  tasks.o(i.vTaskPlaceOnEventListRestricted)
    vTaskPriorityDisinheritAfterTimeout      0x08005aa9   Thumb Code   222  tasks.o(i.vTaskPriorityDisinheritAfterTimeout)
    vTaskStartScheduler                      0x08005bd9   Thumb Code   170  tasks.o(i.vTaskStartScheduler)
    vTaskSuspendAll                          0x08005ce5   Thumb Code    12  tasks.o(i.vTaskSuspendAll)
    vTaskSwitchContext                       0x08005cf5   Thumb Code   138  tasks.o(i.vTaskSwitchContext)
    xPortStartScheduler                      0x08005dd9   Thumb Code   256  port.o(i.xPortStartScheduler)
    xQueueGenericCreate                      0x08005f01   Thumb Code   108  queue.o(i.xQueueGenericCreate)
    xQueueGenericCreateStatic                0x08005fb1   Thumb Code   292  queue.o(i.xQueueGenericCreateStatic)
    xQueueGenericReset                       0x08006119   Thumb Code   158  queue.o(i.xQueueGenericReset)
    xQueueGenericSend                        0x08006201   Thumb Code   476  queue.o(i.xQueueGenericSend)
    xQueueGenericSendFromISR                 0x08006425   Thumb Code   290  queue.o(i.xQueueGenericSendFromISR)
    xQueueGiveFromISR                        0x0800658d   Thumb Code   266  queue.o(i.xQueueGiveFromISR)
    xQueueReceive                            0x080066dd   Thumb Code   398  queue.o(i.xQueueReceive)
    xQueueSemaphoreTake                      0x080068b5   Thumb Code   490  queue.o(i.xQueueSemaphoreTake)
    xTaskCheckForTimeOut                     0x08006ae9   Thumb Code   160  tasks.o(i.xTaskCheckForTimeOut)
    xTaskCreate                              0x08006bd5   Thumb Code   100  tasks.o(i.xTaskCreate)
    xTaskCreateStatic                        0x08006c39   Thumb Code   226  tasks.o(i.xTaskCreateStatic)
    xTaskGetSchedulerState                   0x08006d61   Thumb Code    24  tasks.o(i.xTaskGetSchedulerState)
    xTaskGetTickCount                        0x08006d81   Thumb Code     6  tasks.o(i.xTaskGetTickCount)
    xTaskIncrementTick                       0x08006d8d   Thumb Code   296  tasks.o(i.xTaskIncrementTick)
    xTaskPriorityDisinherit                  0x08006f25   Thumb Code   180  tasks.o(i.xTaskPriorityDisinherit)
    xTaskPriorityInherit                     0x08007029   Thumb Code   150  tasks.o(i.xTaskPriorityInherit)
    xTaskRemoveFromEventList                 0x080070cd   Thumb Code   140  tasks.o(i.xTaskRemoveFromEventList)
    xTaskResumeAll                           0x080071b5   Thumb Code   236  tasks.o(i.xTaskResumeAll)
    xTimerCreateTimerTask                    0x08007309   Thumb Code   114  timers.o(i.xTimerCreateTimerTask)
    xTimerGenericCommand                     0x080073d5   Thumb Code   142  timers.o(i.xTimerGenericCommand)
    defaultTask_attributes                   0x080074ac   Data          36  freertos.o(.constdata)
    AHBPrescTable                            0x080074d0   Data          16  system_stm32f1xx.o(.constdata)
    APBPrescTable                            0x080074e0   Data           8  system_stm32f1xx.o(.constdata)
    ascii_font                               0x08007af0   Data        2048  ascii_font.o(.constdata)
    Region$$Table$$Base                      0x080083b8   Number         0  anon$$obj.o(Region$$Table)
    Region$$Table$$Limit                     0x080083d8   Number         0  anon$$obj.o(Region$$Table)
    defaultTaskHandle                        0x20000000   Data           4  freertos.o(.data)
    uwTick                                   0x20000004   Data           4  stm32f1xx_hal.o(.data)
    uwTickPrio                               0x20000008   Data           4  stm32f1xx_hal.o(.data)
    uwTickFreq                               0x2000000c   Data           1  stm32f1xx_hal.o(.data)
    SystemCoreClock                          0x20000010   Data           4  system_stm32f1xx.o(.data)
    pxCurrentTCB                             0x20000034   Data           4  tasks.o(.data)
    __stdout                                 0x20000200   Data           4  stdout.o(.data)
    test_buffer                              0x20000204   Data         136  main.o(.bss)
    huart1                                   0x2000028c   Data          68  usart.o(.bss)
    huart3                                   0x200002d0   Data          68  usart.o(.bss)
    htim8                                    0x20000314   Data          72  stm32f1xx_hal_timebase_tim.o(.bss)
    dht11_edge_times                         0x2000035c   Data         400  driver_key.o(.bss)
    xQueueRegistry                           0x20000534   Data          64  queue.o(.bss)
    __initial_sp                             0x20003a08   Data           0  startup_stm32f103xe.o(STACK)



==============================================================================

Memory Map of the image

  Image Entry point : 0x08000131

  Load Region LR_IROM1 (Base: 0x08000000, Size: 0x000085dc, Max: 0x00080000, ABSOLUTE, COMPRESSED[0x00008474])

    Execution Region ER_IROM1 (Exec base: 0x08000000, Load base: 0x08000000, Size: 0x000083d8, Max: 0x00080000, ABSOLUTE)

    Exec Addr    Load Addr    Size         Type   Attr      Idx    E Section Name        Object

    0x08000000   0x08000000   0x00000130   Data   RO            3    RESET               startup_stm32f103xe.o
    0x08000130   0x08000130   0x00000000   Code   RO         6378  * .ARM.Collect$$$$00000000  mc_w.l(entry.o)
    0x08000130   0x08000130   0x00000004   Code   RO         6664    .ARM.Collect$$$$00000001  mc_w.l(entry2.o)
    0x08000134   0x08000134   0x00000004   Code   RO         6667    .ARM.Collect$$$$00000004  mc_w.l(entry5.o)
    0x08000138   0x08000138   0x00000000   Code   RO         6669    .ARM.Collect$$$$00000008  mc_w.l(entry7b.o)
    0x08000138   0x08000138   0x00000000   Code   RO         6671    .ARM.Collect$$$$0000000A  mc_w.l(entry8b.o)
    0x08000138   0x08000138   0x00000008   Code   RO         6672    .ARM.Collect$$$$0000000B  mc_w.l(entry9a.o)
    0x08000140   0x08000140   0x00000000   Code   RO         6674    .ARM.Collect$$$$0000000D  mc_w.l(entry10a.o)
    0x08000140   0x08000140   0x00000000   Code   RO         6676    .ARM.Collect$$$$0000000F  mc_w.l(entry11a.o)
    0x08000140   0x08000140   0x00000004   Code   RO         6665    .ARM.Collect$$$$00002712  mc_w.l(entry2.o)
    0x08000144   0x08000144   0x00000096   Code   RO         5105    .emb_text           port.o
    0x080001da   0x080001da   0x00000002   PAD
    0x080001dc   0x080001dc   0x00000024   Code   RO            4    .text               startup_stm32f103xe.o
    0x08000200   0x08000200   0x00000024   Code   RO         6383    .text               mc_w.l(memcpya.o)
    0x08000224   0x08000224   0x00000024   Code   RO         6387    .text               mc_w.l(memseta.o)
    0x08000248   0x08000248   0x00000024   Code   RO         6389    .text               mc_w.l(strstr.o)
    0x0800026c   0x0800026c   0x00000018   Code   RO         6391    .text               mc_w.l(strncpy.o)
    0x08000284   0x08000284   0x0000000e   Code   RO         6393    .text               mc_w.l(strlen.o)
    0x08000292   0x08000292   0x0000001c   Code   RO         6395    .text               mc_w.l(strcmp.o)
    0x080002ae   0x080002ae   0x00000012   Code   RO         6397    .text               mc_w.l(strcpy.o)
    0x080002c0   0x080002c0   0x0000001e   Code   RO         6399    .text               mc_w.l(strncmp.o)
    0x080002de   0x080002de   0x0000002c   Code   RO         6679    .text               mc_w.l(uidiv.o)
    0x0800030a   0x0800030a   0x00000002   PAD
    0x0800030c   0x0800030c   0x00000024   Code   RO         6694    .text               mc_w.l(init.o)
    0x08000330   0x08000330   0x00000056   Code   RO         6710    .text               mc_w.l(__dczerorl2.o)
    0x08000386   0x08000386   0x00000002   PAD
    0x08000388   0x08000388   0x00000054   Code   RO         5994    i.ASCIIGetFontBitMap  ascii_font.o
    0x080003dc   0x080003dc   0x0000000e   Code   RO         5995    i.ASCIIGetFontSize  ascii_font.o
    0x080003ea   0x080003ea   0x00000002   PAD
    0x080003ec   0x080003ec   0x00000114   Code   RO         6229    i.ATCommandSend     at_command.o
    0x08000500   0x08000500   0x000000b4   Code   RO         6230    i.ATCommandSendAndRecv  at_command.o
    0x080005b4   0x080005b4   0x000000dc   Code   RO         6231    i.ATDataRecv        at_command.o
    0x08000690   0x08000690   0x00000020   Code   RO         6232    i.ATInterfaceInit   at_command.o
    0x080006b0   0x080006b0   0x00000010   Code   RO         5960    i.AddDisplayDeviceOLED  oled_device.o
    0x080006c0   0x080006c0   0x00000008   Code   RO         5939    i.AddDisplayDevices  display_system.o
    0x080006c8   0x080006c8   0x00000010   Code   RO         5996    i.AddFontLibASCII   ascii_font.o
    0x080006d8   0x080006d8   0x00000008   Code   RO         6044    i.AddFontLibs       font_system.o
    0x080006e0   0x080006e0   0x00000010   Code   RO         5499    i.AddInputDeviceGPIOKey  gpio_key.o
    0x080006f0   0x080006f0   0x00000010   Code   RO         5629    i.AddInputDeviceNet  net_input.o
    0x08000700   0x08000700   0x0000000c   Code   RO         5600    i.AddInputDevices   input_system.o
    0x0800070c   0x0800070c   0x00000010   Code   RO         6126    i.AddNetDeviceESP8266  esp8266.o
    0x0800071c   0x0800071c   0x00000008   Code   RO         6202    i.AddNetDevices     net_system.o
    0x08000724   0x08000724   0x00000004   Code   RO          327    i.BusFault_Handler  stm32f1xx_it.o
    0x08000728   0x08000728   0x0000000c   Code   RO         5466    i.CAL_DHT11DeviceInit  cal_dht11.o
    0x08000734   0x08000734   0x00000010   Code   RO         5467    i.CAL_DHT11Device_GetValue  cal_dht11.o
    0x08000744   0x08000744   0x0000000c   Code   RO         5418    i.CAL_Delay         cal_time.o
    0x08000750   0x08000750   0x00000010   Code   RO         5331    i.CAL_FanSetSpeed   cal_fan_device.o
    0x08000760   0x08000760   0x00000008   Code   RO         5346    i.CAL_GPIOKkeyInit  cal_gpio_key.o
    0x08000768   0x08000768   0x00000008   Code   RO         5419    i.CAL_GetTick       cal_time.o
    0x08000770   0x08000770   0x00000008   Code   RO         5420    i.CAL_GetTime       cal_time.o
    0x08000778   0x08000778   0x00000010   Code   RO         5367    i.CAL_LEDDeviceControl  cal_led_device.o
    0x08000788   0x08000788   0x00000006   Code   RO         5368    i.CAL_LEDDeviceInit  cal_led_device.o
    0x0800078e   0x0800078e   0x0000000c   Code   RO         5388    i.CAL_OLEDDeviceFlush  cal_oled_device.o
    0x0800079a   0x0800079a   0x00000010   Code   RO         5389    i.CAL_OLEDDeviceInit  cal_oled_device.o
    0x080007aa   0x080007aa   0x00000012   Code   RO         5451    i.CAL_UART3Write    cal_uart_dev.o
    0x080007bc   0x080007bc   0x00000098   Code   RO         6283    i.ConvertInputEventToJson  message.o
    0x08000854   0x08000854   0x0000000c   Code   RO         5880    i.DHT11DeviceInit   dht11_device.o
    0x08000860   0x08000860   0x0000000c   Code   RO         5881    i.DHT11Device_GetValue  dht11_device.o
    0x0800086c   0x0800086c   0x0000003c   Code   RO         3006    i.DHT11_GPIO_Init_As_IRQ  driver_key.o
    0x080008a8   0x080008a8   0x00000034   Code   RO         3418    i.DHT11_GPIO_Init_As_Output  driver_dht11.o
    0x080008dc   0x080008dc   0x0000000a   Code   RO         3007    i.DHT11_IRQ_Disable  driver_key.o
    0x080008e6   0x080008e6   0x00000002   PAD
    0x080008e8   0x080008e8   0x00000014   Code   RO         3008    i.DHT11_IRQ_Enable  driver_key.o
    0x080008fc   0x080008fc   0x00000068   Code   RO         3419    i.DHT11_Init        driver_dht11.o
    0x08000964   0x08000964   0x00000030   Code   RO         3420    i.DHT11_Notify_Task  driver_dht11.o
    0x08000994   0x08000994   0x000000ac   Code   RO         3421    i.DHT11_ParseData   driver_dht11.o
    0x08000a40   0x08000a40   0x00000078   Code   RO         3422    i.DHT11_Read        driver_dht11.o
    0x08000ab8   0x08000ab8   0x00000078   Code   RO         3423    i.DHT11_ReadOnce    driver_dht11.o
    0x08000b30   0x08000b30   0x0000000c   Code   RO         3424    i.DHT11_ReadTimer_us  driver_dht11.o
    0x08000b3c   0x08000b3c   0x0000001c   Code   RO         3426    i.DHT11_Start       driver_dht11.o
    0x08000b58   0x08000b58   0x00000028   Code   RO         3427    i.DHT11_StartTimer  driver_dht11.o
    0x08000b80   0x08000b80   0x00000010   Code   RO         3428    i.DHT11_StopTimer   driver_dht11.o
    0x08000b90   0x08000b90   0x00000090   Code   RO         3429    i.DHT11_TIM_Init    driver_dht11.o
    0x08000c20   0x08000c20   0x0000005c   Code   RO         6298    i.DHT11_UpdateValue  smarthome.o
    0x08000c7c   0x08000c7c   0x00000038   Code   RO         3431    i.DHT11_usDelay     driver_dht11.o
    0x08000cb4   0x08000cb4   0x00000002   Code   RO          328    i.DebugMon_Handler  stm32f1xx_it.o
    0x08000cb6   0x08000cb6   0x00000002   PAD
    0x08000cb8   0x08000cb8   0x00000010   Code   RO         5916    i.DisplayDeviceRegister  display_device.o
    0x08000cc8   0x08000cc8   0x0000012c   Code   RO         6299    i.DisplayNetInfoAndCreateTransfer  smarthome.o
    0x08000df4   0x08000df4   0x00000058   Code   RO         6300    i.DisplayStartingInfo  smarthome.o
    0x08000e4c   0x08000e4c   0x00000038   Code   RO         6301    i.DisplayWifiStatus  smarthome.o
    0x08000e84   0x08000e84   0x00000052   Code   RO         6088    i.DrawBitMapOnFrameBuffer  show_text.o
    0x08000ed6   0x08000ed6   0x00000002   PAD
    0x08000ed8   0x08000ed8   0x0000001c   Code   RO         6127    i.ESP8266CloseTransfer  esp8266.o
    0x08000ef4   0x08000ef4   0x00000038   Code   RO         6128    i.ESP8266Connect    esp8266.o
    0x08000f2c   0x08000f2c   0x0000004c   Code   RO         6129    i.ESP8266CreateTransfer  esp8266.o
    0x08000f78   0x08000f78   0x000000e8   Code   RO         5630    i.ESP8266DataProcessCallback  net_input.o
    0x08001060   0x08001060   0x00000078   Code   RO         6130    i.ESP8266GetInfo    esp8266.o
    0x080010d8   0x080010d8   0x00000034   Code   RO         6131    i.ESP8266Init       esp8266.o
    0x0800110c   0x0800110c   0x00000010   Code   RO         5631    i.ESP8266NetInputInit  net_input.o
    0x0800111c   0x0800111c   0x0000001a   Code   RO         6132    i.ESP8266Recv       esp8266.o
    0x08001136   0x08001136   0x0000000c   Code   RO         6133    i.ESP8266Send       esp8266.o
    0x08001142   0x08001142   0x00000014   Code   RO         3009    i.EXTI15_10_IRQHandler  driver_key.o
    0x08001156   0x08001156   0x0000000a   Code   RO         3010    i.EXTI9_5_IRQHandler  driver_key.o
    0x08001160   0x08001160   0x00000028   Code   RO         2886    i.EnableUART3IRQ    driver_usart.o
    0x08001188   0x08001188   0x00000006   Code   RO           13    i.Error_Handler     main.o
    0x0800118e   0x0800118e   0x00000006   Code   RO         5763    i.FanInit           fan_device.o
    0x08001194   0x08001194   0x00000010   Code   RO         5764    i.FanSetSpeed       fan_device.o
    0x080011a4   0x080011a4   0x00000010   Code   RO         6024    i.FontLibRegister   font_manager.o
    0x080011b4   0x080011b4   0x0000000a   Code   RO         5500    i.GPIOKeyInit       gpio_key.o
    0x080011be   0x080011be   0x00000002   PAD
    0x080011c0   0x080011c0   0x00000008   Code   RO         5820    i.GetATInterfaceDevice  uart_dev.o
    0x080011c8   0x080011c8   0x0000000a   Code   RO         6116    i.GetCodeForStr     encoding.o
    0x080011d2   0x080011d2   0x00000002   PAD
    0x080011d4   0x080011d4   0x00000014   Code   RO         5882    i.GetDHT11Device    dht11_device.o
    0x080011e8   0x080011e8   0x0000000c   Code   RO         5940    i.GetDisplayDevice  display_system.o
    0x080011f4   0x080011f4   0x00000008   Code   RO         5765    i.GetFANDevice      fan_device.o
    0x080011fc   0x080011fc   0x00000018   Code   RO         6045    i.GetFontBitMap     font_system.o
    0x08001214   0x08001214   0x0000000c   Code   RO         6046    i.GetFontLib        font_system.o
    0x08001220   0x08001220   0x0000001c   Code   RO         5555    i.GetInputEvent     input_buffer.o
    0x0800123c   0x0800123c   0x00000020   Code   RO         5790    i.GetLEDDevice      led_device.o
    0x0800125c   0x0800125c   0x0000000c   Code   RO         6203    i.GetNetDevice      net_system.o
    0x08001268   0x08001268   0x00000030   Code   RO         6089    i.GetPixelColorFromBitMap  show_text.o
    0x08001298   0x08001298   0x00000008   Code   RO         5821    i.GetUART3RingBuffer  uart_dev.o
    0x080012a0   0x080012a0   0x00000008   Code   RO         3011    i.Get_DHT11_Edge_Times  driver_key.o
    0x080012a8   0x080012a8   0x00000056   Code   RO          874    i.HAL_DMA_Abort     stm32f1xx_hal_dma.o
    0x080012fe   0x080012fe   0x00000002   PAD
    0x08001300   0x08001300   0x000001a8   Code   RO          875    i.HAL_DMA_Abort_IT  stm32f1xx_hal_dma.o
    0x080014a8   0x080014a8   0x00000028   Code   RO          497    i.HAL_Delay         stm32f1xx_hal.o
    0x080014d0   0x080014d0   0x00000064   Code   RO         3103    i.HAL_FanSetSpeed   driver_fan.o
    0x08001534   0x08001534   0x00000154   Code   RO          807    i.HAL_GPIO_DeInit   stm32f1xx_hal_gpio.o
    0x08001688   0x08001688   0x00000070   Code   RO         3012    i.HAL_GPIO_EXTI_Callback  driver_key.o
    0x080016f8   0x080016f8   0x0000001c   Code   RO          809    i.HAL_GPIO_EXTI_IRQHandler  stm32f1xx_hal_gpio.o
    0x08001714   0x08001714   0x00000340   Code   RO          810    i.HAL_GPIO_Init     stm32f1xx_hal_gpio.o
    0x08001a54   0x08001a54   0x00000010   Code   RO          812    i.HAL_GPIO_ReadPin  stm32f1xx_hal_gpio.o
    0x08001a64   0x08001a64   0x0000000c   Code   RO          814    i.HAL_GPIO_WritePin  stm32f1xx_hal_gpio.o
    0x08001a70   0x08001a70   0x0000000c   Code   RO          501    i.HAL_GetTick       stm32f1xx_hal.o
    0x08001a7c   0x08001a7c   0x00000018   Code   RO          507    i.HAL_IncTick       stm32f1xx_hal.o
    0x08001a94   0x08001a94   0x00000028   Code   RO          508    i.HAL_Init          stm32f1xx_hal.o
    0x08001abc   0x08001abc   0x00000088   Code   RO          415    i.HAL_InitTick      stm32f1xx_hal_timebase_tim.o
    0x08001b44   0x08001b44   0x00000070   Code   RO         3208    i.HAL_LEDDeviceControl  driver_led.o
    0x08001bb4   0x08001bb4   0x00000060   Code   RO          391    i.HAL_MspInit       stm32f1xx_hal_msp.o
    0x08001c14   0x08001c14   0x00000044   Code   RO          969    i.HAL_NVIC_DisableIRQ  stm32f1xx_hal_cortex.o
    0x08001c58   0x08001c58   0x00000020   Code   RO          970    i.HAL_NVIC_EnableIRQ  stm32f1xx_hal_cortex.o
    0x08001c78   0x08001c78   0x0000007c   Code   RO          976    i.HAL_NVIC_SetPriority  stm32f1xx_hal_cortex.o
    0x08001cf4   0x08001cf4   0x00000028   Code   RO          977    i.HAL_NVIC_SetPriorityGrouping  stm32f1xx_hal_cortex.o
    0x08001d1c   0x08001d1c   0x00000180   Code   RO          665    i.HAL_RCC_ClockConfig  stm32f1xx_hal_rcc.o
    0x08001e9c   0x08001e9c   0x00000044   Code   RO          669    i.HAL_RCC_GetClockConfig  stm32f1xx_hal_rcc.o
    0x08001ee0   0x08001ee0   0x0000000c   Code   RO          670    i.HAL_RCC_GetHCLKFreq  stm32f1xx_hal_rcc.o
    0x08001eec   0x08001eec   0x00000020   Code   RO          672    i.HAL_RCC_GetPCLK1Freq  stm32f1xx_hal_rcc.o
    0x08001f0c   0x08001f0c   0x00000020   Code   RO          673    i.HAL_RCC_GetPCLK2Freq  stm32f1xx_hal_rcc.o
    0x08001f2c   0x08001f2c   0x00000094   Code   RO          674    i.HAL_RCC_GetSysClockFreq  stm32f1xx_hal_rcc.o
    0x08001fc0   0x08001fc0   0x00000464   Code   RO          677    i.HAL_RCC_OscConfig  stm32f1xx_hal_rcc.o
    0x08002424   0x08002424   0x00000002   Code   RO         2213    i.HAL_TIMEx_BreakCallback  stm32f1xx_hal_tim_ex.o
    0x08002426   0x08002426   0x00000002   Code   RO         2214    i.HAL_TIMEx_CommutCallback  stm32f1xx_hal_tim_ex.o
    0x08002428   0x08002428   0x0000009c   Code   RO         2232    i.HAL_TIMEx_MasterConfigSynchronization  stm32f1xx_hal_tim_ex.o
    0x080024c4   0x080024c4   0x00000066   Code   RO         1498    i.HAL_TIM_Base_Init  stm32f1xx_hal_tim.o
    0x0800252a   0x0800252a   0x00000002   Code   RO         1500    i.HAL_TIM_Base_MspInit  stm32f1xx_hal_tim.o
    0x0800252c   0x0800252c   0x00000084   Code   RO         1501    i.HAL_TIM_Base_Start  stm32f1xx_hal_tim.o
    0x080025b0   0x080025b0   0x00000090   Code   RO         1503    i.HAL_TIM_Base_Start_IT  stm32f1xx_hal_tim.o
    0x08002640   0x08002640   0x00000032   Code   RO         1504    i.HAL_TIM_Base_Stop  stm32f1xx_hal_tim.o
    0x08002672   0x08002672   0x00000108   Code   RO         1507    i.HAL_TIM_ConfigClockSource  stm32f1xx_hal_tim.o
    0x0800277a   0x0800277a   0x00000002   Code   RO         1532    i.HAL_TIM_IC_CaptureCallback  stm32f1xx_hal_tim.o
    0x0800277c   0x0800277c   0x00000196   Code   RO         1546    i.HAL_TIM_IRQHandler  stm32f1xx_hal_tim.o
    0x08002912   0x08002912   0x00000002   Code   RO         1549    i.HAL_TIM_OC_DelayElapsedCallback  stm32f1xx_hal_tim.o
    0x08002914   0x08002914   0x00000002   Code   RO         1576    i.HAL_TIM_PWM_PulseFinishedCallback  stm32f1xx_hal_tim.o
    0x08002916   0x08002916   0x00000002   PAD
    0x08002918   0x08002918   0x00000024   Code   RO           14    i.HAL_TIM_PeriodElapsedCallback  main.o
    0x0800293c   0x0800293c   0x00000002   Code   RO         1589    i.HAL_TIM_TriggerCallback  stm32f1xx_hal_tim.o
    0x0800293e   0x0800293e   0x00000002   Code   RO         2491    i.HAL_UARTEx_RxEventCallback  stm32f1xx_hal_uart.o
    0x08002940   0x08002940   0x00000002   Code   RO         2505    i.HAL_UART_ErrorCallback  stm32f1xx_hal_uart.o
    0x08002942   0x08002942   0x00000002   PAD
    0x08002944   0x08002944   0x0000024c   Code   RO         2508    i.HAL_UART_IRQHandler  stm32f1xx_hal_uart.o
    0x08002b90   0x08002b90   0x00000072   Code   RO         2509    i.HAL_UART_Init     stm32f1xx_hal_uart.o
    0x08002c02   0x08002c02   0x00000002   PAD
    0x08002c04   0x08002c04   0x00000124   Code   RO          280    i.HAL_UART_MspInit  usart.o
    0x08002d28   0x08002d28   0x00000018   Code   RO         2887    i.HAL_UART_RxCpltCallback  driver_usart.o
    0x08002d40   0x08002d40   0x000000d2   Code   RO         2517    i.HAL_UART_Transmit  stm32f1xx_hal_uart.o
    0x08002e12   0x08002e12   0x00000002   PAD
    0x08002e14   0x08002e14   0x00000018   Code   RO         2888    i.HAL_UART_TxCpltCallback  driver_usart.o
    0x08002e2c   0x08002e2c   0x00000004   Code   RO          329    i.HardFault_Handler  stm32f1xx_it.o
    0x08002e30   0x08002e30   0x00000012   Code   RO         3134    i.I2C_Delay         driver_i2c.o
    0x08002e42   0x08002e42   0x00000002   PAD
    0x08002e44   0x08002e44   0x0000006c   Code   RO         3135    i.I2C_GPIO_ReInit   driver_i2c.o
    0x08002eb0   0x08002eb0   0x0000006c   Code   RO         3136    i.I2C_GetAck        driver_i2c.o
    0x08002f1c   0x08002f1c   0x00000034   Code   RO         3139    i.I2C_Start         driver_i2c.o
    0x08002f50   0x08002f50   0x00000034   Code   RO         3140    i.I2C_Stop          driver_i2c.o
    0x08002f84   0x08002f84   0x00000060   Code   RO         3141    i.I2C_WriteByte     driver_i2c.o
    0x08002fe4   0x08002fe4   0x00000020   Code   RO         6047    i.InitDefaultFontLib  font_system.o
    0x08003004   0x08003004   0x00000018   Code   RO         5601    i.InitInputDevices  input_system.o
    0x0800301c   0x0800301c   0x00000044   Code   RO         5556    i.InitInputQueue    input_buffer.o
    0x08003060   0x08003060   0x00000010   Code   RO         5602    i.InputDeviceRegister  input_system.o
    0x08003070   0x08003070   0x0000000c   Code   RO         5304    i.KAL_DHT11DeviceInit  kal_dht11.o
    0x0800307c   0x0800307c   0x0000000c   Code   RO         5305    i.KAL_DHT11Device_GetValue  kal_dht11.o
    0x08003088   0x08003088   0x0000000c   Code   RO         5262    i.KAL_Delay         kal_time.o
    0x08003094   0x08003094   0x00000010   Code   RO         5184    i.KAL_FanSetSpeed   kal_fan_device.o
    0x080030a4   0x080030a4   0x00000008   Code   RO         5199    i.KAL_GPIOKkeyInit  kal_gpio_key.o
    0x080030ac   0x080030ac   0x00000008   Code   RO         5263    i.KAL_GetTick       kal_time.o
    0x080030b4   0x080030b4   0x00000008   Code   RO         5264    i.KAL_GetTime       kal_time.o
    0x080030bc   0x080030bc   0x00000010   Code   RO         5214    i.KAL_LEDDeviceControl  kal_led_device.o
    0x080030cc   0x080030cc   0x0000000c   Code   RO         5215    i.KAL_LEDDeviceInit  kal_led_device.o
    0x080030d8   0x080030d8   0x0000000c   Code   RO         5235    i.KAL_OLEDDeviceFlush  kal_oled_device.o
    0x080030e4   0x080030e4   0x0000000c   Code   RO         5236    i.KAL_OLEDDeviceInit  kal_oled_device.o
    0x080030f0   0x080030f0   0x00000010   Code   RO         5289    i.KAL_UART3Write    kal_uart_dev.o
    0x08003100   0x08003100   0x00000088   Code   RO         3015    i.KEY_GPIO_ReInit   driver_key.o
    0x08003188   0x08003188   0x00000010   Code   RO         5791    i.LEDDeviceControl  led_device.o
    0x08003198   0x08003198   0x0000000c   Code   RO         5792    i.LEDDeviceInit     led_device.o
    0x080031a4   0x080031a4   0x00000104   Code   RO         6302    i.LM393_ADC_Init    smarthome.o
    0x080032a8   0x080032a8   0x00000018   Code   RO         6303    i.LM393_GetLightState  smarthome.o
    0x080032c0   0x080032c0   0x00000040   Code   RO         6304    i.LM393_ReadAO      smarthome.o
    0x08003300   0x08003300   0x00000020   Code   RO          230    i.MX_FREERTOS_Init  freertos.o
    0x08003320   0x08003320   0x00000120   Code   RO          202    i.MX_GPIO_Init      gpio.o
    0x08003440   0x08003440   0x00000038   Code   RO          281    i.MX_USART1_UART_Init  usart.o
    0x08003478   0x08003478   0x00000038   Code   RO          282    i.MX_USART3_UART_Init  usart.o
    0x080034b0   0x080034b0   0x00000004   Code   RO          330    i.MemManage_Handler  stm32f1xx_it.o
    0x080034b4   0x080034b4   0x00000004   Code   RO          331    i.NMI_Handler       stm32f1xx_it.o
    0x080034b8   0x080034b8   0x00000010   Code   RO         6182    i.NetDeviceRegister  net_device.o
    0x080034c8   0x080034c8   0x0000000c   Code   RO         5961    i.OLEDDeviceFlush   oled_device.o
    0x080034d4   0x080034d4   0x0000000c   Code   RO         5962    i.OLEDDeviceInit    oled_device.o
    0x080034e0   0x080034e0   0x00000070   Code   RO         5963    i.OLEDDeviceSetPixel  oled_device.o
    0x08003550   0x08003550   0x00000026   Code   RO         3239    i.OLED_Copy         driver_oled.o
    0x08003576   0x08003576   0x0000005e   Code   RO         3242    i.OLED_Init         driver_oled.o
    0x080035d4   0x080035d4   0x00000022   Code   RO         3245    i.OLED_SetChargePump  driver_oled.o
    0x080035f6   0x080035f6   0x00000002   PAD
    0x080035f8   0x080035f8   0x00000030   Code   RO         3247    i.OLED_SetColAddr_PAGE  driver_oled.o
    0x08003628   0x08003628   0x00000030   Code   RO         3248    i.OLED_SetComConfig  driver_oled.o
    0x08003658   0x08003658   0x00000012   Code   RO         3249    i.OLED_SetContrastValue  driver_oled.o
    0x0800366a   0x0800366a   0x00000024   Code   RO         3250    i.OLED_SetDCLK_Freq  driver_oled.o
    0x0800368e   0x0800368e   0x0000001a   Code   RO         3251    i.OLED_SetDispOffset  driver_oled.o
    0x080036a8   0x080036a8   0x00000018   Code   RO         3252    i.OLED_SetDispStartLine  driver_oled.o
    0x080036c0   0x080036c0   0x00000028   Code   RO         3253    i.OLED_SetMemAddrMode  driver_oled.o
    0x080036e8   0x080036e8   0x0000001e   Code   RO         3254    i.OLED_SetMuxRatio  driver_oled.o
    0x08003706   0x08003706   0x00000002   PAD
    0x08003708   0x08003708   0x00000028   Code   RO         3256    i.OLED_SetPageAddr_PAGE  driver_oled.o
    0x08003730   0x08003730   0x00000014   Code   RO         3257    i.OLED_SetPosition  driver_oled.o
    0x08003744   0x08003744   0x00000020   Code   RO         3261    i.OLED_WriteCmd     driver_oled.o
    0x08003764   0x08003764   0x00000036   Code   RO         3263    i.OLED_WriteNBytes  driver_oled.o
    0x0800379a   0x0800379a   0x00000002   PAD
    0x0800379c   0x0800379c   0x00000080   Code   RO         5502    i.ProcessGPIOKeyTimer  gpio_key.o
    0x0800381c   0x0800381c   0x0000001c   Code   RO         5557    i.PutInputEvent     input_buffer.o
    0x08003838   0x08003838   0x00000028   Code   RO          678    i.RCC_Delay         stm32f1xx_hal_rcc.o
    0x08003860   0x08003860   0x00000024   Code   RO         6048    i.SetDefaultFontLib  font_system.o
    0x08003884   0x08003884   0x0000000c   Code   RO         5503    i.SetGPIOKeyTimer   gpio_key.o
    0x08003890   0x08003890   0x0000000c   Code   RO         2889    i.SetNetInputProcessCallback  driver_usart.o
    0x0800389c   0x0800389c   0x00000056   Code   RO         6090    i.ShowTextInDisplayDevice  show_text.o
    0x080038f2   0x080038f2   0x00000002   PAD
    0x080038f4   0x080038f4   0x00000138   Code   RO         6305    i.SmartHomeControlDevices  smarthome.o
    0x08003a2c   0x08003a2c   0x0000003a   Code   RO         6306    i.SmartHomeTask     smarthome.o
    0x08003a66   0x08003a66   0x00000002   PAD
    0x08003a68   0x08003a68   0x00000024   Code   RO          231    i.StartDefaultTask  freertos.o
    0x08003a8c   0x08003a8c   0x000000e0   Code   RO         6307    i.SubSystemInit     smarthome.o
    0x08003b6c   0x08003b6c   0x00000034   Code   RO         5106    i.SysTick_Handler   port.o
    0x08003ba0   0x08003ba0   0x00000066   Code   RO           15    i.SystemClock_Config  main.o
    0x08003c06   0x08003c06   0x00000002   Code   RO         2848    i.SystemInit        system_stm32f1xx.o
    0x08003c08   0x08003c08   0x00000010   Code   RO          332    i.TIM8_UP_IRQHandler  stm32f1xx_it.o
    0x08003c18   0x08003c18   0x0000009c   Code   RO         1591    i.TIM_Base_SetConfig  stm32f1xx_hal_tim.o
    0x08003cb4   0x08003cb4   0x00000016   Code   RO         1602    i.TIM_ETR_SetConfig  stm32f1xx_hal_tim.o
    0x08003cca   0x08003cca   0x00000012   Code   RO         1603    i.TIM_ITRx_SetConfig  stm32f1xx_hal_tim.o
    0x08003cdc   0x08003cdc   0x00000026   Code   RO         1609    i.TIM_TI1_ConfigInputStage  stm32f1xx_hal_tim.o
    0x08003d02   0x08003d02   0x00000028   Code   RO         1611    i.TIM_TI2_ConfigInputStage  stm32f1xx_hal_tim.o
    0x08003d2a   0x08003d2a   0x00000002   PAD
    0x08003d2c   0x08003d2c   0x00000014   Code   RO         5822    i.UART3Init         uart_dev.o
    0x08003d40   0x08003d40   0x00000014   Code   RO         5823    i.UART3InvalidRecvBuf  uart_dev.o
    0x08003d54   0x08003d54   0x00000014   Code   RO         5824    i.UART3ReadByte     uart_dev.o
    0x08003d68   0x08003d68   0x00000012   Code   RO         5825    i.UART3Write        uart_dev.o
    0x08003d7a   0x08003d7a   0x00000014   Code   RO         2522    i.UART_DMAAbortOnError  stm32f1xx_hal_uart.o
    0x08003d8e   0x08003d8e   0x00000036   Code   RO         2532    i.UART_EndRxTransfer  stm32f1xx_hal_uart.o
    0x08003dc4   0x08003dc4   0x00000020   Code   RO         2533    i.UART_EndTransmit_IT  stm32f1xx_hal_uart.o
    0x08003de4   0x08003de4   0x000000e4   Code   RO         2535    i.UART_Receive_IT   stm32f1xx_hal_uart.o
    0x08003ec8   0x08003ec8   0x000000fc   Code   RO         2536    i.UART_SetConfig    stm32f1xx_hal_uart.o
    0x08003fc4   0x08003fc4   0x00000060   Code   RO         2539    i.UART_Transmit_IT  stm32f1xx_hal_uart.o
    0x08004024   0x08004024   0x0000006c   Code   RO         2540    i.UART_WaitOnFlagUntilTimeout  stm32f1xx_hal_uart.o
    0x08004090   0x08004090   0x00000034   Code   RO         2890    i.USART1_IRQHandler  driver_usart.o
    0x080040c4   0x080040c4   0x00000054   Code   RO         2891    i.USART3_IRQHandler  driver_usart.o
    0x08004118   0x08004118   0x0000002c   Code   RO         2892    i.USART3_SendBytes  driver_usart.o
    0x08004144   0x08004144   0x00000004   Code   RO          333    i.UsageFault_Handler  stm32f1xx_it.o
    0x08004148   0x08004148   0x0000007c   Code   RO         6308    i.WifiConnect       smarthome.o
    0x080041c4   0x080041c4   0x00000020   Code   RO         6492    i.__0printf$3       mc_w.l(printf3.o)
    0x080041e4   0x080041e4   0x00000028   Code   RO         6494    i.__0sprintf$3      mc_w.l(printf3.o)
    0x0800420c   0x0800420c   0x00000028   Code   RO         5917    i.__GetDisplayDevice  display_device.o
    0x08004234   0x08004234   0x00000028   Code   RO         6025    i.__GetFontLib      font_manager.o
    0x0800425c   0x0800425c   0x00000028   Code   RO         6183    i.__GetNetDevice    net_device.o
    0x08004284   0x08004284   0x00000010   Code   RO          983    i.__NVIC_GetPriorityGrouping  stm32f1xx_hal_cortex.o
    0x08004294   0x08004294   0x00000028   Code   RO          984    i.__NVIC_SetPriority  stm32f1xx_hal_cortex.o
    0x080042bc   0x080042bc   0x00000006   Code   RO         4621    i.__get_BASEPRI     cmsis_os2.o
    0x080042c2   0x080042c2   0x00000006   Code   RO         4622    i.__get_IPSR        cmsis_os2.o
    0x080042c8   0x080042c8   0x00000006   Code   RO         4623    i.__get_PRIMASK     cmsis_os2.o
    0x080042ce   0x080042ce   0x0000000e   Code   RO         6704    i.__scatterload_copy  mc_w.l(handlers.o)
    0x080042dc   0x080042dc   0x00000002   Code   RO         6705    i.__scatterload_null  mc_w.l(handlers.o)
    0x080042de   0x080042de   0x0000000e   Code   RO         6706    i.__scatterload_zeroinit  mc_w.l(handlers.o)
    0x080042ec   0x080042ec   0x000001b8   Code   RO         6499    i._printf_core      mc_w.l(printf3.o)
    0x080044a4   0x080044a4   0x0000000a   Code   RO         6501    i._sputc            mc_w.l(printf3.o)
    0x080044ae   0x080044ae   0x00000002   PAD
    0x080044b0   0x080044b0   0x0000001c   Code   RO         2894    i.fputc             driver_usart.o
    0x080044cc   0x080044cc   0x00000024   Code   RO         6233    i.isReturnERROR     at_command.o
    0x080044f0   0x080044f0   0x00000024   Code   RO         6234    i.isReturnOK        at_command.o
    0x08004514   0x08004514   0x00000090   Code   RO           16    i.main              main.o
    0x080045a4   0x080045a4   0x00000038   Code   RO         4624    i.osDelay           cmsis_os2.o
    0x080045dc   0x080045dc   0x00000040   Code   RO         4638    i.osKernelInitialize  cmsis_os2.o
    0x0800461c   0x0800461c   0x00000044   Code   RO         4641    i.osKernelStart     cmsis_os2.o
    0x08004660   0x08004660   0x000000dc   Code   RO         4675    i.osThreadNew       cmsis_os2.o
    0x0800473c   0x0800473c   0x0000007c   Code   RO         4094    i.prvAddCurrentTaskToDelayedList  tasks.o
    0x080047b8   0x080047b8   0x000000b8   Code   RO         4095    i.prvAddNewTaskToReadyList  tasks.o
    0x08004870   0x08004870   0x00000074   Code   RO         4456    i.prvCheckForValidListAndQueue  timers.o
    0x080048e4   0x080048e4   0x00000048   Code   RO         4096    i.prvCheckTasksWaitingTermination  tasks.o
    0x0800492c   0x0800492c   0x0000002a   Code   RO         3688    i.prvCopyDataFromQueue  queue.o
    0x08004956   0x08004956   0x0000007c   Code   RO         3689    i.prvCopyDataToQueue  queue.o
    0x080049d2   0x080049d2   0x00000002   PAD
    0x080049d4   0x080049d4   0x000000a4   Code   RO         4097    i.prvDeleteTCB      tasks.o
    0x08004a78   0x08004a78   0x00000014   Code   RO         3690    i.prvGetDisinheritPriorityAfterTimeout  queue.o
    0x08004a8c   0x08004a8c   0x00000028   Code   RO         4457    i.prvGetNextExpireTime  timers.o
    0x08004ab4   0x08004ab4   0x0000007c   Code   RO         5054    i.prvHeapInit       heap_4.o
    0x08004b30   0x08004b30   0x00000028   Code   RO         4098    i.prvIdleTask       tasks.o
    0x08004b58   0x08004b58   0x0000002a   Code   RO         3692    i.prvInitialiseNewQueue  queue.o
    0x08004b82   0x08004b82   0x00000002   PAD
    0x08004b84   0x08004b84   0x00000108   Code   RO         4099    i.prvInitialiseNewTask  tasks.o
    0x08004c8c   0x08004c8c   0x00000068   Code   RO         4100    i.prvInitialiseTaskLists  tasks.o
    0x08004cf4   0x08004cf4   0x00000068   Code   RO         5055    i.prvInsertBlockIntoFreeList  heap_4.o
    0x08004d5c   0x08004d5c   0x00000058   Code   RO         4459    i.prvInsertTimerInActiveList  timers.o
    0x08004db4   0x08004db4   0x0000001a   Code   RO         3693    i.prvIsQueueEmpty   queue.o
    0x08004dce   0x08004dce   0x0000001e   Code   RO         3694    i.prvIsQueueFull    queue.o
    0x08004dec   0x08004dec   0x000000b8   Code   RO         4460    i.prvProcessExpiredTimer  timers.o
    0x08004ea4   0x08004ea4   0x00000198   Code   RO         4461    i.prvProcessReceivedCommands  timers.o
    0x0800503c   0x0800503c   0x00000074   Code   RO         4462    i.prvProcessTimerOrBlockTask  timers.o
    0x080050b0   0x080050b0   0x00000034   Code   RO         4102    i.prvResetNextTaskUnblockTime  tasks.o
    0x080050e4   0x080050e4   0x0000002c   Code   RO         4463    i.prvSampleTimeNow  timers.o
    0x08005110   0x08005110   0x000000f0   Code   RO         4464    i.prvSwitchTimerLists  timers.o
    0x08005200   0x08005200   0x00000060   Code   RO         5107    i.prvTaskExitError  port.o
    0x08005260   0x08005260   0x0000001a   Code   RO         4465    i.prvTimerTask      timers.o
    0x0800527a   0x0800527a   0x0000007e   Code   RO         3695    i.prvUnlockQueue    queue.o
    0x080052f8   0x080052f8   0x00000178   Code   RO         5056    i.pvPortMalloc      heap_4.o
    0x08005470   0x08005470   0x00000020   Code   RO         4105    i.pvTaskIncrementMutexHeldCount  tasks.o
    0x08005490   0x08005490   0x00000024   Code   RO         5108    i.pxPortInitialiseStack  port.o
    0x080054b4   0x080054b4   0x0000000c   Code   RO         2970    i.ring_buffer_init  ring_buffer.o
    0x080054c0   0x080054c0   0x0000002e   Code   RO         2971    i.ring_buffer_read  ring_buffer.o
    0x080054ee   0x080054ee   0x0000001e   Code   RO         2972    i.ring_buffer_write  ring_buffer.o
    0x0800550c   0x0800550c   0x00000028   Code   RO         3648    i.uxListRemove      list.o
    0x08005534   0x08005534   0x00000018   Code   RO         4687    i.vApplicationGetIdleTaskMemory  cmsis_os2.o
    0x0800554c   0x0800554c   0x00000018   Code   RO         4688    i.vApplicationGetTimerTaskMemory  cmsis_os2.o
    0x08005564   0x08005564   0x0000001a   Code   RO         3649    i.vListInitialise   list.o
    0x0800557e   0x0800557e   0x00000006   Code   RO         3650    i.vListInitialiseItem  list.o
    0x08005584   0x08005584   0x00000034   Code   RO         3651    i.vListInsert       list.o
    0x080055b8   0x080055b8   0x00000018   Code   RO         3652    i.vListInsertEnd    list.o
    0x080055d0   0x080055d0   0x00000078   Code   RO         5110    i.vPortEnterCritical  port.o
    0x08005648   0x08005648   0x00000060   Code   RO         5111    i.vPortExitCritical  port.o
    0x080056a8   0x080056a8   0x000000c4   Code   RO         5057    i.vPortFree         heap_4.o
    0x0800576c   0x0800576c   0x00000028   Code   RO         5112    i.vPortSetupTimerInterrupt  port.o
    0x08005794   0x08005794   0x000000a8   Code   RO         5113    i.vPortValidateInterruptPriority  port.o
    0x0800583c   0x0800583c   0x0000002c   Code   RO         3701    i.vQueueAddToRegistry  queue.o
    0x08005868   0x08005868   0x0000004a   Code   RO         3705    i.vQueueWaitForMessageRestricted  queue.o
    0x080058b2   0x080058b2   0x00000002   PAD
    0x080058b4   0x080058b4   0x000000b0   Code   RO         4114    i.vTaskDelay        tasks.o
    0x08005964   0x08005964   0x00000018   Code   RO         4119    i.vTaskInternalSetTimeOutState  tasks.o
    0x0800597c   0x0800597c   0x0000000c   Code   RO         4120    i.vTaskMissedYield  tasks.o
    0x08005988   0x08005988   0x0000008c   Code   RO         4122    i.vTaskPlaceOnEventList  tasks.o
    0x08005a14   0x08005a14   0x00000094   Code   RO         4123    i.vTaskPlaceOnEventListRestricted  tasks.o
    0x08005aa8   0x08005aa8   0x00000130   Code   RO         4125    i.vTaskPriorityDisinheritAfterTimeout  tasks.o
    0x08005bd8   0x08005bd8   0x0000010c   Code   RO         4131    i.vTaskStartScheduler  tasks.o
    0x08005ce4   0x08005ce4   0x00000010   Code   RO         4133    i.vTaskSuspendAll   tasks.o
    0x08005cf4   0x08005cf4   0x000000e4   Code   RO         4134    i.vTaskSwitchContext  tasks.o
    0x08005dd8   0x08005dd8   0x00000128   Code   RO         5114    i.xPortStartScheduler  port.o
    0x08005f00   0x08005f00   0x000000b0   Code   RO         3710    i.xQueueGenericCreate  queue.o
    0x08005fb0   0x08005fb0   0x00000168   Code   RO         3711    i.xQueueGenericCreateStatic  queue.o
    0x08006118   0x08006118   0x000000e8   Code   RO         3712    i.xQueueGenericReset  queue.o
    0x08006200   0x08006200   0x00000224   Code   RO         3713    i.xQueueGenericSend  queue.o
    0x08006424   0x08006424   0x00000168   Code   RO         3714    i.xQueueGenericSendFromISR  queue.o
    0x0800658c   0x0800658c   0x00000150   Code   RO         3717    i.xQueueGiveFromISR  queue.o
    0x080066dc   0x080066dc   0x000001d8   Code   RO         3723    i.xQueueReceive     queue.o
    0x080068b4   0x080068b4   0x00000234   Code   RO         3725    i.xQueueSemaphoreTake  queue.o
    0x08006ae8   0x08006ae8   0x000000ec   Code   RO         4135    i.xTaskCheckForTimeOut  tasks.o
    0x08006bd4   0x08006bd4   0x00000064   Code   RO         4136    i.xTaskCreate       tasks.o
    0x08006c38   0x08006c38   0x00000128   Code   RO         4137    i.xTaskCreateStatic  tasks.o
    0x08006d60   0x08006d60   0x00000020   Code   RO         4141    i.xTaskGetSchedulerState  tasks.o
    0x08006d80   0x08006d80   0x0000000c   Code   RO         4142    i.xTaskGetTickCount  tasks.o
    0x08006d8c   0x08006d8c   0x00000198   Code   RO         4144    i.xTaskIncrementTick  tasks.o
    0x08006f24   0x08006f24   0x00000104   Code   RO         4147    i.xTaskPriorityDisinherit  tasks.o
    0x08007028   0x08007028   0x000000a4   Code   RO         4148    i.xTaskPriorityInherit  tasks.o
    0x080070cc   0x080070cc   0x000000e8   Code   RO         4149    i.xTaskRemoveFromEventList  tasks.o
    0x080071b4   0x080071b4   0x00000154   Code   RO         4150    i.xTaskResumeAll    tasks.o
    0x08007308   0x08007308   0x000000cc   Code   RO         4472    i.xTimerCreateTimerTask  timers.o
    0x080073d4   0x080073d4   0x000000d8   Code   RO         4473    i.xTimerGenericCommand  timers.o
    0x080074ac   0x080074ac   0x00000024   Data   RO          232    .constdata          freertos.o
    0x080074d0   0x080074d0   0x00000018   Data   RO         2849    .constdata          system_stm32f1xx.o
    0x080074e8   0x080074e8   0x000001ee   Data   RO         3728    .constdata          queue.o
    0x080076d6   0x080076d6   0x0000024e   Data   RO         4153    .constdata          tasks.o
    0x08007924   0x08007924   0x0000013a   Data   RO         4481    .constdata          timers.o
    0x08007a5e   0x08007a5e   0x00000017   Data   RO         5062    .constdata          heap_4.o
    0x08007a75   0x08007a75   0x0000007b   Data   RO         5115    .constdata          port.o
    0x08007af0   0x08007af0   0x00000800   Data   RO         5997    .constdata          ascii_font.o
    0x080082f0   0x080082f0   0x0000000c   Data   RO          233    .conststring        freertos.o
    0x080082fc   0x080082fc   0x00000045   Data   RO         5063    .conststring        heap_4.o
    0x08008341   0x08008341   0x00000003   PAD
    0x08008344   0x08008344   0x00000048   Data   RO         5116    .conststring        port.o
    0x0800838c   0x0800838c   0x00000009   Data   RO         5504    .conststring        gpio_key.o
    0x08008395   0x08008395   0x00000003   PAD
    0x08008398   0x08008398   0x00000008   Data   RO         5633    .conststring        net_input.o
    0x080083a0   0x080083a0   0x00000006   Data   RO         5827    .conststring        uart_dev.o
    0x080083a6   0x080083a6   0x00000002   PAD
    0x080083a8   0x080083a8   0x00000005   Data   RO         5965    .conststring        oled_device.o
    0x080083ad   0x080083ad   0x00000003   PAD
    0x080083b0   0x080083b0   0x00000006   Data   RO         5998    .conststring        ascii_font.o
    0x080083b6   0x080083b6   0x00000002   PAD
    0x080083b8   0x080083b8   0x00000020   Data   RO         6702    Region$$Table       anon$$obj.o


    Execution Region RW_IRAM1 (Exec base: 0x20000000, Load base: 0x080083d8, Size: 0x00003a08, Max: 0x00010000, ABSOLUTE, COMPRESSED[0x0000009c])

    Exec Addr    Load Addr    Size         Type   Attr      Idx    E Section Name        Object

    0x20000000   COMPRESSED   0x00000004   Data   RW          234    .data               freertos.o
    0x20000004   COMPRESSED   0x00000009   Data   RW          515    .data               stm32f1xx_hal.o
    0x2000000d   COMPRESSED   0x00000003   PAD
    0x20000010   COMPRESSED   0x00000004   Data   RW         2850    .data               system_stm32f1xx.o
    0x20000014   COMPRESSED   0x0000000c   Data   RW         2895    .data               driver_usart.o
    0x20000020   COMPRESSED   0x00000008   Data   RW         3017    .data               driver_key.o
    0x20000028   COMPRESSED   0x00000001   Data   RW         3264    .data               driver_oled.o
    0x20000029   COMPRESSED   0x00000003   PAD
    0x2000002c   COMPRESSED   0x00000008   Data   RW         3433    .data               driver_dht11.o
    0x20000034   COMPRESSED   0x0000003c   Data   RW         4154    .data               tasks.o
    0x20000070   COMPRESSED   0x00000014   Data   RW         4482    .data               timers.o
    0x20000084   COMPRESSED   0x00000004   Data   RW         4690    .data               cmsis_os2.o
    0x20000088   COMPRESSED   0x00000018   Data   RW         5064    .data               heap_4.o
    0x200000a0   COMPRESSED   0x0000000c   Data   RW         5117    .data               port.o
    0x200000ac   COMPRESSED   0x0000001c   Data   RW         5505    .data               gpio_key.o
    0x200000c8   COMPRESSED   0x00000004   Data   RW         5558    .data               input_buffer.o
    0x200000cc   COMPRESSED   0x00000004   Data   RW         5603    .data               input_system.o
    0x200000d0   COMPRESSED   0x00000020   Data   RW         5634    .data               net_input.o
    0x200000f0   COMPRESSED   0x0000000c   Data   RW         5766    .data               fan_device.o
    0x200000fc   COMPRESSED   0x00000048   Data   RW         5793    .data               led_device.o
    0x20000144   COMPRESSED   0x00000014   Data   RW         5828    .data               uart_dev.o
    0x20000158   COMPRESSED   0x00000014   Data   RW         5883    .data               dht11_device.o
    0x2000016c   COMPRESSED   0x00000004   Data   RW         5918    .data               display_device.o
    0x20000170   COMPRESSED   0x00000028   Data   RW         5966    .data               oled_device.o
    0x20000198   COMPRESSED   0x00000018   Data   RW         5999    .data               ascii_font.o
    0x200001b0   COMPRESSED   0x00000004   Data   RW         6026    .data               font_manager.o
    0x200001b4   COMPRESSED   0x00000004   Data   RW         6049    .data               font_system.o
    0x200001b8   COMPRESSED   0x00000040   Data   RW         6135    .data               esp8266.o
    0x200001f8   COMPRESSED   0x00000004   Data   RW         6184    .data               net_device.o
    0x200001fc   COMPRESSED   0x00000004   Data   RW         6235    .data               at_command.o
    0x20000200   COMPRESSED   0x00000004   Data   RW         6678    .data               mc_w.l(stdout.o)
    0x20000204        -       0x00000088   Zero   RW           18    .bss                main.o
    0x2000028c        -       0x00000088   Zero   RW          283    .bss                usart.o
    0x20000314        -       0x00000048   Zero   RW          418    .bss                stm32f1xx_hal_timebase_tim.o
    0x2000035c        -       0x00000190   Zero   RW         3016    .bss                driver_key.o
    0x200004ec        -       0x00000048   Zero   RW         3432    .bss                driver_dht11.o
    0x20000534        -       0x00000040   Zero   RW         3727    .bss                queue.o
    0x20000574        -       0x000004c4   Zero   RW         4152    .bss                tasks.o
    0x20000a38        -       0x00000118   Zero   RW         4480    .bss                timers.o
    0x20000b50        -       0x000006b8   Zero   RW         4689    .bss                cmsis_os2.o
    0x20001208        -       0x00001f40   Zero   RW         5061    .bss                heap_4.o
    0x20003148        -       0x00000032   Zero   RW         5632    .bss                net_input.o
    0x2000317a   COMPRESSED   0x00000002   PAD
    0x2000317c        -       0x00000088   Zero   RW         5826    .bss                uart_dev.o
    0x20003204        -       0x00000400   Zero   RW         5964    .bss                oled_device.o
    0x20003604   COMPRESSED   0x00000004   PAD
    0x20003608        -       0x00000400   Zero   RW            1    STACK               startup_stm32f103xe.o


==============================================================================

Image component sizes


      Code (inc. data)   RO Data    RW Data    ZI Data      Debug   Object Name

       114         12       2054         24          0       3227   ascii_font.o
       780        114          0          4          0       5662   at_command.o
        28          0          0          0          0       1117   cal_dht11.o
        16          0          0          0          0        598   cal_fan_device.o
         8          0          0          0          0        471   cal_gpio_key.o
        22          0          0          0          0       1147   cal_led_device.o
        28          0          0          0          0       1095   cal_oled_device.o
        28          0          0          0          0       1480   cal_time.o
        18          0          0          0          0        601   cal_uart_dev.o
       474         38          0          4       1720      14942   cmsis_os2.o
        44          6          0         20          0       1809   dht11_device.o
        56         10          0          4          0       2037   display_device.o
        20          0          0          0          0       1075   display_system.o
       912        130          0          8         72      12999   driver_dht11.o
       100          8          0          0          0       1102   driver_fan.o
       434         24          0          0          0       3498   driver_i2c.o
       376         38          0          8        400       4877   driver_key.o
       112          4          0          0          0       1307   driver_led.o
       582         16          0          1          0      10169   driver_oled.o
       308         68          0         12          0       4997   driver_usart.o
        10          0          0          0          0        596   encoding.o
       386        138          0         64          0       5854   esp8266.o
         0          0          0          0          0      20164   event_groups.o
        30          4          0         12          0       1699   fan_device.o
         0          0          0          0          0        420   fan_test.o
        56         10          0          4          0       1337   font_manager.o
       112         14          0          4          0       2972   font_system.o
        68         34         48          4          0       4381   freertos.o
       288         16          0          0          0       1019   gpio.o
       166         20          9         28          0       3608   gpio_key.o
       800        104         92         24       8000       4867   heap_4.o
       124         42          0          4          0       2661   input_buffer.o
        52          8          0          4          0       1695   input_system.o
        24          0          0          0          0       1625   kal_dht11.o
        16          0          0          0          0        598   kal_fan_device.o
         8          0          0          0          0        471   kal_gpio_key.o
        28          0          0          0          0       1175   kal_led_device.o
        24          0          0          0          0       1703   kal_oled_device.o
        28          0          0          0          0       1480   kal_time.o
        16          0          0          0          0        597   kal_uart_dev.o
        60          6          0         72          0       2219   led_device.o
         0          0          0          0          0        544   led_test.o
       148          0          0          0          0       3394   list.o
       288         56          0          0        136     497998   main.o
       152         64          0          0          0        714   message.o
        56         10          0          4          0       1329   net_device.o
       264         36          8         32         50       3340   net_input.o
        20          0          0          0          0       1719   net_system.o
         0          0          0          0          0        700   net_test.o
       152          6          5         40       1024       3099   oled_device.o
      1054        178        195         12          0      11929   port.o
      3576        576        494          0         64      32914   queue.o
        88          0          0          0          0       2006   ring_buffer.o
       216          0          0          0          0       2306   show_text.o
      1602        428          0          0          0       7872   smarthome.o
        36          8        304          0       1024        800   startup_stm32f103xe.o
       116         24          0          9          0       5822   stm32f1xx_hal.o
       320         28          0          0          0      29360   stm32f1xx_hal_cortex.o
       510         10          0          0          0       1879   stm32f1xx_hal_dma.o
      1228         78          0          0          0       4852   stm32f1xx_hal_gpio.o
        96         10          0          0          0        886   stm32f1xx_hal_msp.o
      1840        116          0          0          0       6577   stm32f1xx_hal_rcc.o
      1382         66          0          0          0      10931   stm32f1xx_hal_tim.o
       160         22          0          0          0       2381   stm32f1xx_hal_tim_ex.o
       136         18          0          0         72       1447   stm32f1xx_hal_timebase_tim.o
      1706         10          0          0          0       9184   stm32f1xx_hal_uart.o
        38          6          0          0          0       3042   stm32f1xx_it.o
         0          0          0          0          0       8904   stream_buffer.o
         2          0         24          4          0       1107   system_stm32f1xx.o
      4432       1340        590         60       1220      41826   tasks.o
         0          0          0          0          0        772   text_test.o
      1682        466        314         20        280      35360   timers.o
        94         24          6         20        136       4364   uart_dev.o
       404         46          0          0        136       2335   usart.o

    ----------------------------------------------------------------------
     28598       4490       4188        512      14340     877044   Object Totals
         0          0         32          0          0          0   (incl. Generated)
        44          0         13          6          6          0   (incl. Padding)

    ----------------------------------------------------------------------

      Code (inc. data)   RO Data    RW Data    ZI Data      Debug   Library Member Name

        86          0          0          0          0          0   __dczerorl2.o
         0          0          0          0          0          0   entry.o
         0          0          0          0          0          0   entry10a.o
         0          0          0          0          0          0   entry11a.o
         8          4          0          0          0          0   entry2.o
         4          0          0          0          0          0   entry5.o
         0          0          0          0          0          0   entry7b.o
         0          0          0          0          0          0   entry8b.o
         8          4          0          0          0          0   entry9a.o
        30          0          0          0          0          0   handlers.o
        36          8          0          0          0         68   init.o
        36          0          0          0          0         68   memcpya.o
        36          0          0          0          0        108   memseta.o
       522         20          0          0          0        336   printf3.o
         0          0          0          4          0          0   stdout.o
        28          0          0          0          0         76   strcmp.o
        18          0          0          0          0         68   strcpy.o
        14          0          0          0          0         68   strlen.o
        30          0          0          0          0         80   strncmp.o
        24          0          0          0          0         76   strncpy.o
        36          0          0          0          0         80   strstr.o
        44          0          0          0          0         80   uidiv.o

    ----------------------------------------------------------------------
       966         36          0          4          0       1108   Library Totals
         6          0          0          0          0          0   (incl. Padding)

    ----------------------------------------------------------------------

      Code (inc. data)   RO Data    RW Data    ZI Data      Debug   Library Name

       960         36          0          4          0       1108   mc_w.l

    ----------------------------------------------------------------------
       966         36          0          4          0       1108   Library Totals

    ----------------------------------------------------------------------

==============================================================================


      Code (inc. data)   RO Data    RW Data    ZI Data      Debug   

     29564       4526       4188        516      14340     861588   Grand Totals
     29564       4526       4188        156      14340     861588   ELF Image Totals (compressed)
     29564       4526       4188        156          0          0   ROM Totals

==============================================================================

    Total RO  Size (Code + RO Data)                33752 (  32.96kB)
    Total RW  Size (RW Data + ZI Data)             14856 (  14.51kB)
    Total ROM Size (Code + RO Data + RW Data)      33908 (  33.11kB)

==============================================================================

